<?xml version="1.0"?>
<link_info>
   <banner>TMS320C2000 Linker PC v6.2.5</banner>
   <copyright>Copyright (c) 1996-2014 Texas Instruments Incorporated</copyright>
   <link_time>0x5c78e6c9</link_time>
   <link_errors>0x0</link_errors>
   <output_file>car0407.out</output_file>
   <entry_point>
      <name>_c_int00</name>
      <address>0xd0bf</address>
   </entry_point>
   <input_file_list>
      <input_file id="fl-2">
         <path>.\src\</path>
         <kind>object</kind>
         <file>trajectory.obj</file>
         <name>trajectory.obj</name>
      </input_file>
      <input_file id="fl-3">
         <path>.\src\</path>
         <kind>object</kind>
         <file>message.obj</file>
         <name>message.obj</name>
      </input_file>
      <input_file id="fl-4">
         <path>.\src\</path>
         <kind>object</kind>
         <file>mathex.obj</file>
         <name>mathex.obj</name>
      </input_file>
      <input_file id="fl-5">
         <path>.\src\</path>
         <kind>object</kind>
         <file>formation.obj</file>
         <name>formation.obj</name>
      </input_file>
      <input_file id="fl-6">
         <path>.\src\</path>
         <kind>object</kind>
         <file>flightFSM.obj</file>
         <name>flightFSM.obj</name>
      </input_file>
      <input_file id="fl-7">
         <path>.\src\</path>
         <kind>object</kind>
         <file>filter.obj</file>
         <name>filter.obj</name>
      </input_file>
      <input_file id="fl-8">
         <path>.\src\</path>
         <kind>object</kind>
         <file>decentralized.obj</file>
         <name>decentralized.obj</name>
      </input_file>
      <input_file id="fl-9">
         <path>.\src\</path>
         <kind>object</kind>
         <file>constants.obj</file>
         <name>constants.obj</name>
      </input_file>
      <input_file id="fl-a">
         <path>.\src\</path>
         <kind>object</kind>
         <file>car.obj</file>
         <name>car.obj</name>
      </input_file>
      <input_file id="fl-b">
         <path>.\src\</path>
         <kind>object</kind>
         <file>MS5803-01BA.obj</file>
         <name>MS5803-01BA.obj</name>
      </input_file>
      <input_file id="fl-c">
         <path>.\src\</path>
         <kind>object</kind>
         <file>Hal.obj</file>
         <name>Hal.obj</name>
      </input_file>
      <input_file id="fl-d">
         <path>.\src\</path>
         <kind>object</kind>
         <file>HMC5983.obj</file>
         <name>HMC5983.obj</name>
      </input_file>
      <input_file id="fl-e">
         <path>.\src\</path>
         <kind>object</kind>
         <file>Fml.obj</file>
         <name>Fml.obj</name>
      </input_file>
      <input_file id="fl-f">
         <path>.\src\</path>
         <kind>object</kind>
         <file>DSP28xxx_usDelay.obj</file>
         <name>DSP28xxx_usDelay.obj</name>
      </input_file>
      <input_file id="fl-10">
         <path>.\src\</path>
         <kind>object</kind>
         <file>DSP28xxx_SectionCopy_nonBIOS.obj</file>
         <name>DSP28xxx_SectionCopy_nonBIOS.obj</name>
      </input_file>
      <input_file id="fl-11">
         <path>.\src\</path>
         <kind>object</kind>
         <file>DSP28xxx_CodeStartBranch_FLASH.obj</file>
         <name>DSP28xxx_CodeStartBranch_FLASH.obj</name>
      </input_file>
      <input_file id="fl-12">
         <path>.\src\</path>
         <kind>object</kind>
         <file>DSP2833x_Xintf.obj</file>
         <name>DSP2833x_Xintf.obj</name>
      </input_file>
      <input_file id="fl-13">
         <path>.\src\</path>
         <kind>object</kind>
         <file>DSP2833x_SysCtrl.obj</file>
         <name>DSP2833x_SysCtrl.obj</name>
      </input_file>
      <input_file id="fl-14">
         <path>.\src\</path>
         <kind>object</kind>
         <file>DSP2833x_PieVect.obj</file>
         <name>DSP2833x_PieVect.obj</name>
      </input_file>
      <input_file id="fl-15">
         <path>.\src\</path>
         <kind>object</kind>
         <file>DSP2833x_PieCtrl.obj</file>
         <name>DSP2833x_PieCtrl.obj</name>
      </input_file>
      <input_file id="fl-16">
         <path>.\src\</path>
         <kind>object</kind>
         <file>DSP2833x_I2C.obj</file>
         <name>DSP2833x_I2C.obj</name>
      </input_file>
      <input_file id="fl-17">
         <path>.\src\</path>
         <kind>object</kind>
         <file>DSP2833x_GlobalVariableDefs.obj</file>
         <name>DSP2833x_GlobalVariableDefs.obj</name>
      </input_file>
      <input_file id="fl-18">
         <path>.\src\</path>
         <kind>object</kind>
         <file>DSP2833x_DefaultIsr.obj</file>
         <name>DSP2833x_DefaultIsr.obj</name>
      </input_file>
      <input_file id="fl-19">
         <path>.\src\</path>
         <kind>object</kind>
         <file>DSP2833x_CpuTimers.obj</file>
         <name>DSP2833x_CpuTimers.obj</name>
      </input_file>
      <input_file id="fl-1a">
         <path>.\src\</path>
         <kind>object</kind>
         <file>DSP2833x_ADC_cal.obj</file>
         <name>DSP2833x_ADC_cal.obj</name>
      </input_file>
      <input_file id="fl-1f">
         <path>E:\WZM\software\ccsv6\tools\compiler\c2000_6.2.5\lib\</path>
         <kind>archive</kind>
         <file>rts2800_fpu32.lib</file>
         <name>atan.obj</name>
      </input_file>
      <input_file id="fl-20">
         <path>E:\WZM\software\ccsv6\tools\compiler\c2000_6.2.5\lib\</path>
         <kind>archive</kind>
         <file>rts2800_fpu32.lib</file>
         <name>atan2.obj</name>
      </input_file>
      <input_file id="fl-21">
         <path>E:\WZM\software\ccsv6\tools\compiler\c2000_6.2.5\lib\</path>
         <kind>archive</kind>
         <file>rts2800_fpu32.lib</file>
         <name>atof.obj</name>
      </input_file>
      <input_file id="fl-22">
         <path>E:\WZM\software\ccsv6\tools\compiler\c2000_6.2.5\lib\</path>
         <kind>archive</kind>
         <file>rts2800_fpu32.lib</file>
         <name>atoi.obj</name>
      </input_file>
      <input_file id="fl-23">
         <path>E:\WZM\software\ccsv6\tools\compiler\c2000_6.2.5\lib\</path>
         <kind>archive</kind>
         <file>rts2800_fpu32.lib</file>
         <name>boot.obj</name>
      </input_file>
      <input_file id="fl-24">
         <path>E:\WZM\software\ccsv6\tools\compiler\c2000_6.2.5\lib\</path>
         <kind>archive</kind>
         <file>rts2800_fpu32.lib</file>
         <name>cos.obj</name>
      </input_file>
      <input_file id="fl-25">
         <path>E:\WZM\software\ccsv6\tools\compiler\c2000_6.2.5\lib\</path>
         <kind>archive</kind>
         <file>rts2800_fpu32.lib</file>
         <name>ctype.obj</name>
      </input_file>
      <input_file id="fl-26">
         <path>E:\WZM\software\ccsv6\tools\compiler\c2000_6.2.5\lib\</path>
         <kind>archive</kind>
         <file>rts2800_fpu32.lib</file>
         <name>errno.obj</name>
      </input_file>
      <input_file id="fl-27">
         <path>E:\WZM\software\ccsv6\tools\compiler\c2000_6.2.5\lib\</path>
         <kind>archive</kind>
         <file>rts2800_fpu32.lib</file>
         <name>exit.obj</name>
      </input_file>
      <input_file id="fl-28">
         <path>E:\WZM\software\ccsv6\tools\compiler\c2000_6.2.5\lib\</path>
         <kind>archive</kind>
         <file>rts2800_fpu32.lib</file>
         <name>fd_add.obj</name>
      </input_file>
      <input_file id="fl-29">
         <path>E:\WZM\software\ccsv6\tools\compiler\c2000_6.2.5\lib\</path>
         <kind>archive</kind>
         <file>rts2800_fpu32.lib</file>
         <name>fd_div.obj</name>
      </input_file>
      <input_file id="fl-2a">
         <path>E:\WZM\software\ccsv6\tools\compiler\c2000_6.2.5\lib\</path>
         <kind>archive</kind>
         <file>rts2800_fpu32.lib</file>
         <name>fd_mpy.obj</name>
      </input_file>
      <input_file id="fl-2b">
         <path>E:\WZM\software\ccsv6\tools\compiler\c2000_6.2.5\lib\</path>
         <kind>archive</kind>
         <file>rts2800_fpu32.lib</file>
         <name>fd_sub.obj</name>
      </input_file>
      <input_file id="fl-2c">
         <path>E:\WZM\software\ccsv6\tools\compiler\c2000_6.2.5\lib\</path>
         <kind>archive</kind>
         <file>rts2800_fpu32.lib</file>
         <name>fd_tofs.obj</name>
      </input_file>
      <input_file id="fl-2d">
         <path>E:\WZM\software\ccsv6\tools\compiler\c2000_6.2.5\lib\</path>
         <kind>archive</kind>
         <file>rts2800_fpu32.lib</file>
         <name>fd_tol.obj</name>
      </input_file>
      <input_file id="fl-2e">
         <path>E:\WZM\software\ccsv6\tools\compiler\c2000_6.2.5\lib\</path>
         <kind>archive</kind>
         <file>rts2800_fpu32.lib</file>
         <name>frexp.obj</name>
      </input_file>
      <input_file id="fl-2f">
         <path>E:\WZM\software\ccsv6\tools\compiler\c2000_6.2.5\lib\</path>
         <kind>archive</kind>
         <file>rts2800_fpu32.lib</file>
         <name>fs_div.obj</name>
      </input_file>
      <input_file id="fl-30">
         <path>E:\WZM\software\ccsv6\tools\compiler\c2000_6.2.5\lib\</path>
         <kind>archive</kind>
         <file>rts2800_fpu32.lib</file>
         <name>fs_tofd.obj</name>
      </input_file>
      <input_file id="fl-31">
         <path>E:\WZM\software\ccsv6\tools\compiler\c2000_6.2.5\lib\</path>
         <kind>archive</kind>
         <file>rts2800_fpu32.lib</file>
         <name>i_div.obj</name>
      </input_file>
      <input_file id="fl-32">
         <path>E:\WZM\software\ccsv6\tools\compiler\c2000_6.2.5\lib\</path>
         <kind>archive</kind>
         <file>rts2800_fpu32.lib</file>
         <name>i_tofd.obj</name>
      </input_file>
      <input_file id="fl-33">
         <path>E:\WZM\software\ccsv6\tools\compiler\c2000_6.2.5\lib\</path>
         <kind>archive</kind>
         <file>rts2800_fpu32.lib</file>
         <name>ll_mpy.obj</name>
      </input_file>
      <input_file id="fl-34">
         <path>E:\WZM\software\ccsv6\tools\compiler\c2000_6.2.5\lib\</path>
         <kind>archive</kind>
         <file>rts2800_fpu32.lib</file>
         <name>memcpy_ff.obj</name>
      </input_file>
      <input_file id="fl-35">
         <path>E:\WZM\software\ccsv6\tools\compiler\c2000_6.2.5\lib\</path>
         <kind>archive</kind>
         <file>rts2800_fpu32.lib</file>
         <name>sin.obj</name>
      </input_file>
      <input_file id="fl-36">
         <path>E:\WZM\software\ccsv6\tools\compiler\c2000_6.2.5\lib\</path>
         <kind>archive</kind>
         <file>rts2800_fpu32.lib</file>
         <name>sqrt.obj</name>
      </input_file>
      <input_file id="fl-37">
         <path>E:\WZM\software\ccsv6\tools\compiler\c2000_6.2.5\lib\</path>
         <kind>archive</kind>
         <file>rts2800_fpu32.lib</file>
         <name>strcmp.obj</name>
      </input_file>
      <input_file id="fl-38">
         <path>E:\WZM\software\ccsv6\tools\compiler\c2000_6.2.5\lib\</path>
         <kind>archive</kind>
         <file>rts2800_fpu32.lib</file>
         <name>strtod.obj</name>
      </input_file>
      <input_file id="fl-39">
         <path>E:\WZM\software\ccsv6\tools\compiler\c2000_6.2.5\lib\</path>
         <kind>archive</kind>
         <file>rts2800_fpu32.lib</file>
         <name>tan.obj</name>
      </input_file>
      <input_file id="fl-3a">
         <path>E:\WZM\software\ccsv6\tools\compiler\c2000_6.2.5\lib\</path>
         <kind>archive</kind>
         <file>rts2800_fpu32.lib</file>
         <name>u_div.obj</name>
      </input_file>
      <input_file id="fl-3b">
         <path>E:\WZM\software\ccsv6\tools\compiler\c2000_6.2.5\lib\</path>
         <kind>archive</kind>
         <file>rts2800_fpu32.lib</file>
         <name>_lock.obj</name>
      </input_file>
      <input_file id="fl-3c">
         <path>E:\WZM\software\ccsv6\tools\compiler\c2000_6.2.5\lib\</path>
         <kind>archive</kind>
         <file>rts2800_fpu32.lib</file>
         <name>args_main.obj</name>
      </input_file>
   </input_file_list>
   <object_component_list>
      <object_component id="oc-ee">
         <name>PieVectTableFile</name>
         <uninitialized>true</uninitialized>
         <run_address>0xd00</run_address>
         <size>0x100</size>
         <input_file_ref idref="fl-17"/>
      </object_component>
      <object_component id="oc-ea">
         <name>DevEmuRegsFile</name>
         <uninitialized>true</uninitialized>
         <run_address>0x880</run_address>
         <size>0xd0</size>
         <input_file_ref idref="fl-17"/>
      </object_component>
      <object_component id="oc-c0">
         <name>FlashRegsFile</name>
         <uninitialized>true</uninitialized>
         <run_address>0xa80</run_address>
         <size>0x8</size>
         <input_file_ref idref="fl-17"/>
      </object_component>
      <object_component id="oc-ca">
         <name>CsmRegsFile</name>
         <uninitialized>true</uninitialized>
         <run_address>0xae0</run_address>
         <size>0x10</size>
         <input_file_ref idref="fl-17"/>
      </object_component>
      <object_component id="oc-c9">
         <name>AdcMirrorFile</name>
         <uninitialized>true</uninitialized>
         <run_address>0xb00</run_address>
         <size>0x10</size>
         <input_file_ref idref="fl-17"/>
      </object_component>
      <object_component id="oc-cd">
         <name>XintfRegsFile</name>
         <uninitialized>true</uninitialized>
         <run_address>0xb20</run_address>
         <size>0x1e</size>
         <input_file_ref idref="fl-17"/>
      </object_component>
      <object_component id="oc-c1">
         <name>CpuTimer0RegsFile</name>
         <uninitialized>true</uninitialized>
         <run_address>0xc00</run_address>
         <size>0x8</size>
         <input_file_ref idref="fl-17"/>
      </object_component>
      <object_component id="oc-bf">
         <name>CpuTimer1RegsFile</name>
         <uninitialized>true</uninitialized>
         <run_address>0xc08</run_address>
         <size>0x8</size>
         <input_file_ref idref="fl-17"/>
      </object_component>
      <object_component id="oc-be">
         <name>CpuTimer2RegsFile</name>
         <uninitialized>true</uninitialized>
         <run_address>0xc10</run_address>
         <size>0x8</size>
         <input_file_ref idref="fl-17"/>
      </object_component>
      <object_component id="oc-cb">
         <name>PieCtrlRegsFile</name>
         <uninitialized>true</uninitialized>
         <run_address>0xce0</run_address>
         <size>0x1a</size>
         <input_file_ref idref="fl-17"/>
      </object_component>
      <object_component id="oc-eb">
         <name>DmaRegsFile</name>
         <uninitialized>true</uninitialized>
         <run_address>0x1000</run_address>
         <size>0xe0</size>
         <input_file_ref idref="fl-17"/>
      </object_component>
      <object_component id="oc-dd">
         <name>McbspaRegsFile</name>
         <uninitialized>true</uninitialized>
         <run_address>0x5000</run_address>
         <size>0x25</size>
         <input_file_ref idref="fl-17"/>
      </object_component>
      <object_component id="oc-de">
         <name>McbspbRegsFile</name>
         <uninitialized>true</uninitialized>
         <run_address>0x5040</run_address>
         <size>0x25</size>
         <input_file_ref idref="fl-17"/>
      </object_component>
      <object_component id="oc-e1">
         <name>ECanaRegsFile</name>
         <uninitialized>true</uninitialized>
         <run_address>0x6000</run_address>
         <size>0x34</size>
         <input_file_ref idref="fl-17"/>
      </object_component>
      <object_component id="oc-e4">
         <name>ECanaLAMRegsFile</name>
         <uninitialized>true</uninitialized>
         <run_address>0x6040</run_address>
         <size>0x40</size>
         <input_file_ref idref="fl-17"/>
      </object_component>
      <object_component id="oc-ed">
         <name>ECanaMboxesFile</name>
         <uninitialized>true</uninitialized>
         <run_address>0x6100</run_address>
         <size>0x100</size>
         <input_file_ref idref="fl-17"/>
      </object_component>
      <object_component id="oc-e5">
         <name>ECanaMOTSRegsFile</name>
         <uninitialized>true</uninitialized>
         <run_address>0x6080</run_address>
         <size>0x40</size>
         <input_file_ref idref="fl-17"/>
      </object_component>
      <object_component id="oc-e2">
         <name>ECanaMOTORegsFile</name>
         <uninitialized>true</uninitialized>
         <run_address>0x60c0</run_address>
         <size>0x40</size>
         <input_file_ref idref="fl-17"/>
      </object_component>
      <object_component id="oc-e0">
         <name>ECanbRegsFile</name>
         <uninitialized>true</uninitialized>
         <run_address>0x6200</run_address>
         <size>0x34</size>
         <input_file_ref idref="fl-17"/>
      </object_component>
      <object_component id="oc-e8">
         <name>ECanbLAMRegsFile</name>
         <uninitialized>true</uninitialized>
         <run_address>0x6240</run_address>
         <size>0x40</size>
         <input_file_ref idref="fl-17"/>
      </object_component>
      <object_component id="oc-ec">
         <name>ECanbMboxesFile</name>
         <uninitialized>true</uninitialized>
         <run_address>0x6300</run_address>
         <size>0x100</size>
         <input_file_ref idref="fl-17"/>
      </object_component>
      <object_component id="oc-e3">
         <name>ECanbMOTSRegsFile</name>
         <uninitialized>true</uninitialized>
         <run_address>0x6280</run_address>
         <size>0x40</size>
         <input_file_ref idref="fl-17"/>
      </object_component>
      <object_component id="oc-e6">
         <name>ECanbMOTORegsFile</name>
         <uninitialized>true</uninitialized>
         <run_address>0x62c0</run_address>
         <size>0x40</size>
         <input_file_ref idref="fl-17"/>
      </object_component>
      <object_component id="oc-d8">
         <name>EPwm1RegsFile</name>
         <uninitialized>true</uninitialized>
         <run_address>0x6800</run_address>
         <size>0x22</size>
         <input_file_ref idref="fl-17"/>
      </object_component>
      <object_component id="oc-d7">
         <name>EPwm2RegsFile</name>
         <uninitialized>true</uninitialized>
         <run_address>0x6840</run_address>
         <size>0x22</size>
         <input_file_ref idref="fl-17"/>
      </object_component>
      <object_component id="oc-d9">
         <name>EPwm3RegsFile</name>
         <uninitialized>true</uninitialized>
         <run_address>0x6880</run_address>
         <size>0x22</size>
         <input_file_ref idref="fl-17"/>
      </object_component>
      <object_component id="oc-db">
         <name>EPwm4RegsFile</name>
         <uninitialized>true</uninitialized>
         <run_address>0x68c0</run_address>
         <size>0x22</size>
         <input_file_ref idref="fl-17"/>
      </object_component>
      <object_component id="oc-da">
         <name>EPwm5RegsFile</name>
         <uninitialized>true</uninitialized>
         <run_address>0x6900</run_address>
         <size>0x22</size>
         <input_file_ref idref="fl-17"/>
      </object_component>
      <object_component id="oc-dc">
         <name>EPwm6RegsFile</name>
         <uninitialized>true</uninitialized>
         <run_address>0x6940</run_address>
         <size>0x22</size>
         <input_file_ref idref="fl-17"/>
      </object_component>
      <object_component id="oc-d4">
         <name>ECap1RegsFile</name>
         <uninitialized>true</uninitialized>
         <run_address>0x6a00</run_address>
         <size>0x20</size>
         <input_file_ref idref="fl-17"/>
      </object_component>
      <object_component id="oc-d0">
         <name>ECap2RegsFile</name>
         <uninitialized>true</uninitialized>
         <run_address>0x6a20</run_address>
         <size>0x20</size>
         <input_file_ref idref="fl-17"/>
      </object_component>
      <object_component id="oc-d1">
         <name>ECap3RegsFile</name>
         <uninitialized>true</uninitialized>
         <run_address>0x6a40</run_address>
         <size>0x20</size>
         <input_file_ref idref="fl-17"/>
      </object_component>
      <object_component id="oc-ce">
         <name>ECap4RegsFile</name>
         <uninitialized>true</uninitialized>
         <run_address>0x6a60</run_address>
         <size>0x20</size>
         <input_file_ref idref="fl-17"/>
      </object_component>
      <object_component id="oc-cf">
         <name>ECap5RegsFile</name>
         <uninitialized>true</uninitialized>
         <run_address>0x6a80</run_address>
         <size>0x20</size>
         <input_file_ref idref="fl-17"/>
      </object_component>
      <object_component id="oc-d5">
         <name>ECap6RegsFile</name>
         <uninitialized>true</uninitialized>
         <run_address>0x6aa0</run_address>
         <size>0x20</size>
         <input_file_ref idref="fl-17"/>
      </object_component>
      <object_component id="oc-e9">
         <name>EQep1RegsFile</name>
         <uninitialized>true</uninitialized>
         <run_address>0x6b00</run_address>
         <size>0x40</size>
         <input_file_ref idref="fl-17"/>
      </object_component>
      <object_component id="oc-e7">
         <name>EQep2RegsFile</name>
         <uninitialized>true</uninitialized>
         <run_address>0x6b40</run_address>
         <size>0x40</size>
         <input_file_ref idref="fl-17"/>
      </object_component>
      <object_component id="oc-df">
         <name>GpioCtrlRegsFile</name>
         <uninitialized>true</uninitialized>
         <run_address>0x6f80</run_address>
         <size>0x2e</size>
         <input_file_ref idref="fl-17"/>
      </object_component>
      <object_component id="oc-d2">
         <name>GpioDataRegsFile</name>
         <uninitialized>true</uninitialized>
         <run_address>0x6fc0</run_address>
         <size>0x20</size>
         <input_file_ref idref="fl-17"/>
      </object_component>
      <object_component id="oc-c3">
         <name>GpioIntRegsFile</name>
         <uninitialized>true</uninitialized>
         <run_address>0x6fe0</run_address>
         <size>0xa</size>
         <input_file_ref idref="fl-17"/>
      </object_component>
      <object_component id="oc-d3">
         <name>SysCtrlRegsFile</name>
         <uninitialized>true</uninitialized>
         <run_address>0x7010</run_address>
         <size>0x20</size>
         <input_file_ref idref="fl-17"/>
      </object_component>
      <object_component id="oc-c6">
         <name>SpiaRegsFile</name>
         <uninitialized>true</uninitialized>
         <run_address>0x7040</run_address>
         <size>0x10</size>
         <input_file_ref idref="fl-17"/>
      </object_component>
      <object_component id="oc-c7">
         <name>SciaRegsFile</name>
         <uninitialized>true</uninitialized>
         <run_address>0x7050</run_address>
         <size>0x10</size>
         <input_file_ref idref="fl-17"/>
      </object_component>
      <object_component id="oc-c8">
         <name>XIntruptRegsFile</name>
         <uninitialized>true</uninitialized>
         <run_address>0x7070</run_address>
         <size>0x10</size>
         <input_file_ref idref="fl-17"/>
      </object_component>
      <object_component id="oc-cc">
         <name>AdcRegsFile</name>
         <uninitialized>true</uninitialized>
         <run_address>0x7100</run_address>
         <size>0x1e</size>
         <input_file_ref idref="fl-17"/>
      </object_component>
      <object_component id="oc-c5">
         <name>ScibRegsFile</name>
         <uninitialized>true</uninitialized>
         <run_address>0x7750</run_address>
         <size>0x10</size>
         <input_file_ref idref="fl-17"/>
      </object_component>
      <object_component id="oc-c4">
         <name>ScicRegsFile</name>
         <uninitialized>true</uninitialized>
         <run_address>0x7770</run_address>
         <size>0x10</size>
         <input_file_ref idref="fl-17"/>
      </object_component>
      <object_component id="oc-d6">
         <name>I2caRegsFile</name>
         <uninitialized>true</uninitialized>
         <run_address>0x7900</run_address>
         <size>0x22</size>
         <input_file_ref idref="fl-17"/>
      </object_component>
      <object_component id="oc-c2">
         <name>CsmPwlFile</name>
         <uninitialized>true</uninitialized>
         <run_address>0x33fff8</run_address>
         <size>0x8</size>
         <input_file_ref idref="fl-17"/>
      </object_component>
      <object_component id="oc-a3">
         <name>codestart</name>
         <load_address>0x33fff6</load_address>
         <run_address>0x33fff6</run_address>
         <size>0x2</size>
         <input_file_ref idref="fl-11"/>
      </object_component>
      <object_component id="oc-a4">
         <name>wddisable</name>
         <load_address>0x33803c</load_address>
         <run_address>0x33803c</run_address>
         <size>0x8</size>
         <input_file_ref idref="fl-11"/>
      </object_component>
      <object_component id="oc-9f">
         <name>copysections</name>
         <load_address>0x338000</load_address>
         <run_address>0x338000</run_address>
         <size>0x3c</size>
         <input_file_ref idref="fl-10"/>
      </object_component>
      <object_component id="oc-95">
         <name>SD_BUFFER</name>
         <uninitialized>true</uninitialized>
         <run_address>0xec00</run_address>
         <size>0x400</size>
         <input_file_ref idref="fl-e"/>
      </object_component>
      <object_component id="oc-fa">
         <name>.adc_cal</name>
         <load_address>0x380080</load_address>
         <run_address>0x380080</run_address>
         <size>0x7</size>
         <input_file_ref idref="fl-1a"/>
      </object_component>
      <object_component id="oc-10f">
         <name>.reset</name>
         <load_address>0x3fffc0</load_address>
         <run_address>0x3fffc0</run_address>
         <size>0x2</size>
         <input_file_ref idref="fl-23"/>
      </object_component>
      <object_component id="oc-10e">
         <name>.stack</name>
         <uninitialized>true</uninitialized>
         <run_address>0x0</run_address>
         <size>0x0</size>
         <input_file_ref idref="fl-23"/>
      </object_component>
      <object_component id="oc-1f9">
         <name>.stack</name>
         <uninitialized>true</uninitialized>
         <run_address>0x0</run_address>
         <size>0x0</size>
      </object_component>
      <object_component id="oc-4e">
         <name>.ebss</name>
         <uninitialized>true</uninitialized>
         <run_address>0xf900</run_address>
         <size>0x1c0</size>
         <input_file_ref idref="fl-2"/>
      </object_component>
      <object_component id="oc-54">
         <name>.ebss</name>
         <uninitialized>true</uninitialized>
         <run_address>0xf8ff</run_address>
         <size>0x1</size>
         <input_file_ref idref="fl-3"/>
      </object_component>
      <object_component id="oc-5e">
         <name>.ebss</name>
         <uninitialized>true</uninitialized>
         <run_address>0xfc66</run_address>
         <size>0xe</size>
         <input_file_ref idref="fl-5"/>
      </object_component>
      <object_component id="oc-62">
         <name>.ebss</name>
         <uninitialized>true</uninitialized>
         <run_address>0xf8fd</run_address>
         <size>0x2</size>
         <input_file_ref idref="fl-6"/>
      </object_component>
      <object_component id="oc-68">
         <name>.ebss</name>
         <uninitialized>true</uninitialized>
         <run_address>0xfb80</run_address>
         <size>0xa2</size>
         <input_file_ref idref="fl-7"/>
      </object_component>
      <object_component id="oc-6f">
         <name>.ebss</name>
         <uninitialized>true</uninitialized>
         <run_address>0xfac0</run_address>
         <size>0xba</size>
         <input_file_ref idref="fl-8"/>
      </object_component>
      <object_component id="oc-78">
         <name>.ebss</name>
         <uninitialized>true</uninitialized>
         <run_address>0xf5c0</run_address>
         <size>0x334</size>
         <input_file_ref idref="fl-a"/>
      </object_component>
      <object_component id="oc-80">
         <name>.ebss</name>
         <uninitialized>true</uninitialized>
         <run_address>0xfc22</run_address>
         <size>0x1e</size>
         <input_file_ref idref="fl-b"/>
      </object_component>
      <object_component id="oc-86">
         <name>.ebss</name>
         <uninitialized>true</uninitialized>
         <run_address>0xf8f4</run_address>
         <size>0x9</size>
         <input_file_ref idref="fl-c"/>
      </object_component>
      <object_component id="oc-8d">
         <name>.ebss</name>
         <uninitialized>true</uninitialized>
         <run_address>0xfc58</run_address>
         <size>0xe</size>
         <input_file_ref idref="fl-d"/>
      </object_component>
      <object_component id="oc-93">
         <name>.ebss</name>
         <uninitialized>true</uninitialized>
         <run_address>0xf000</run_address>
         <size>0x5c0</size>
         <input_file_ref idref="fl-e"/>
      </object_component>
      <object_component id="oc-f6">
         <name>.ebss</name>
         <uninitialized>true</uninitialized>
         <run_address>0xfc40</run_address>
         <size>0x18</size>
         <input_file_ref idref="fl-19"/>
      </object_component>
      <object_component id="oc-11b">
         <name>.ebss</name>
         <uninitialized>true</uninitialized>
         <run_address>0xfb7e</run_address>
         <size>0x1</size>
         <input_file_ref idref="fl-26"/>
      </object_component>
      <object_component id="oc-11f">
         <name>.ebss</name>
         <uninitialized>true</uninitialized>
         <run_address>0xfc74</run_address>
         <size>0x4</size>
         <input_file_ref idref="fl-27"/>
      </object_component>
      <object_component id="oc-171">
         <name>.ebss</name>
         <uninitialized>true</uninitialized>
         <run_address>0xfb7a</run_address>
         <size>0x4</size>
         <input_file_ref idref="fl-3b"/>
      </object_component>
      <object_component id="oc-92">
         <name>.cinit</name>
         <load_address>0x3052f0</load_address>
         <run_address>0xd2f0</run_address>
         <size>0x3eb</size>
         <input_file_ref idref="fl-e"/>
      </object_component>
      <object_component id="oc-77">
         <name>.cinit</name>
         <load_address>0x3056db</load_address>
         <run_address>0xd6db</run_address>
         <size>0x2b8</size>
         <input_file_ref idref="fl-a"/>
      </object_component>
      <object_component id="oc-4d">
         <name>.cinit</name>
         <load_address>0x305993</load_address>
         <run_address>0xd993</run_address>
         <size>0x198</size>
         <input_file_ref idref="fl-2"/>
      </object_component>
      <object_component id="oc-67">
         <name>.cinit</name>
         <load_address>0x305b2b</load_address>
         <run_address>0xdb2b</run_address>
         <size>0x135</size>
         <input_file_ref idref="fl-7"/>
      </object_component>
      <object_component id="oc-6e">
         <name>.cinit</name>
         <load_address>0x305c60</load_address>
         <run_address>0xdc60</run_address>
         <size>0x115</size>
         <input_file_ref idref="fl-8"/>
      </object_component>
      <object_component id="oc-7f">
         <name>.cinit</name>
         <load_address>0x305d75</load_address>
         <run_address>0xdd75</run_address>
         <size>0x46</size>
         <input_file_ref idref="fl-b"/>
      </object_component>
      <object_component id="oc-8b">
         <name>.cinit</name>
         <load_address>0x305dbb</load_address>
         <run_address>0xddbb</run_address>
         <size>0x21</size>
         <input_file_ref idref="fl-d"/>
      </object_component>
      <object_component id="oc-5d">
         <name>.cinit</name>
         <load_address>0x305ddc</load_address>
         <run_address>0xdddc</run_address>
         <size>0x16</size>
         <input_file_ref idref="fl-5"/>
      </object_component>
      <object_component id="oc-170">
         <name>.cinit</name>
         <load_address>0x305df2</load_address>
         <run_address>0xddf2</run_address>
         <size>0xa</size>
         <input_file_ref idref="fl-3b"/>
      </object_component>
      <object_component id="oc-11e">
         <name>.cinit</name>
         <load_address>0x305dfc</load_address>
         <run_address>0xddfc</run_address>
         <size>0xa</size>
         <input_file_ref idref="fl-27"/>
      </object_component>
      <object_component id="oc-85">
         <name>.cinit</name>
         <load_address>0x305e06</load_address>
         <run_address>0xde06</run_address>
         <size>0x8</size>
         <input_file_ref idref="fl-c"/>
      </object_component>
      <object_component id="oc-61">
         <name>.cinit</name>
         <load_address>0x305e0e</load_address>
         <run_address>0xde0e</run_address>
         <size>0x8</size>
         <input_file_ref idref="fl-6"/>
      </object_component>
      <object_component id="oc-11a">
         <name>.cinit</name>
         <load_address>0x305e16</load_address>
         <run_address>0xde16</run_address>
         <size>0x4</size>
         <input_file_ref idref="fl-26"/>
      </object_component>
      <object_component id="oc-1a4">
         <name>.econst:.string:__ctypes_</name>
         <load_address>0x305e1c</load_address>
         <run_address>0xde1c</run_address>
         <size>0x101</size>
         <input_file_ref idref="fl-25"/>
      </object_component>
      <object_component id="oc-b1">
         <name>.econst</name>
         <load_address>0x305f1e</load_address>
         <run_address>0xdf1e</run_address>
         <size>0x100</size>
         <input_file_ref idref="fl-14"/>
      </object_component>
      <object_component id="oc-94">
         <name>.econst</name>
         <load_address>0x30601e</load_address>
         <run_address>0xe01e</run_address>
         <size>0x42</size>
         <input_file_ref idref="fl-e"/>
      </object_component>
      <object_component id="oc-1a5">
         <name>.econst:_digits</name>
         <load_address>0x306060</load_address>
         <run_address>0xe060</run_address>
         <size>0x14</size>
         <input_file_ref idref="fl-38"/>
      </object_component>
      <object_component id="oc-1a6">
         <name>.econst:_powerof10</name>
         <load_address>0x306074</load_address>
         <run_address>0xe074</run_address>
         <size>0xc</size>
         <input_file_ref idref="fl-38"/>
      </object_component>
      <object_component id="oc-1a0">
         <name>.econst:_a$1</name>
         <load_address>0x306080</load_address>
         <run_address>0xe080</run_address>
         <size>0x8</size>
         <input_file_ref idref="fl-1f"/>
      </object_component>
      <object_component id="oc-1a2">
         <name>.econst:_a$1</name>
         <load_address>0x306088</load_address>
         <run_address>0xe088</run_address>
         <size>0x8</size>
         <input_file_ref idref="fl-20"/>
      </object_component>
      <object_component id="oc-69">
         <name>.econst</name>
         <load_address>0x306090</load_address>
         <run_address>0xe090</run_address>
         <size>0x8</size>
         <input_file_ref idref="fl-7"/>
      </object_component>
      <object_component id="oc-97">
         <name>.econst:.string</name>
         <load_address>0x306098</load_address>
         <run_address>0xe098</run_address>
         <size>0x6</size>
         <input_file_ref idref="fl-e"/>
      </object_component>
      <object_component id="oc-187">
         <name>.econst:_B_acc</name>
         <load_address>0x30609e</load_address>
         <run_address>0xe09e</run_address>
         <size>0x6</size>
         <input_file_ref idref="fl-e"/>
      </object_component>
      <object_component id="oc-189">
         <name>.econst:_B_gyro</name>
         <load_address>0x3060a4</load_address>
         <run_address>0xe0a4</run_address>
         <size>0x6</size>
         <input_file_ref idref="fl-e"/>
      </object_component>
      <object_component id="oc-186">
         <name>.econst:_K_acc</name>
         <load_address>0x3060aa</load_address>
         <run_address>0xe0aa</run_address>
         <size>0x6</size>
         <input_file_ref idref="fl-e"/>
      </object_component>
      <object_component id="oc-188">
         <name>.econst:_K_gyro</name>
         <load_address>0x3060b0</load_address>
         <run_address>0xe0b0</run_address>
         <size>0x6</size>
         <input_file_ref idref="fl-e"/>
      </object_component>
      <object_component id="oc-191">
         <name>.econst:_MAG_OFFSET</name>
         <load_address>0x3060b6</load_address>
         <run_address>0xe0b6</run_address>
         <size>0x6</size>
         <input_file_ref idref="fl-e"/>
      </object_component>
      <object_component id="oc-190">
         <name>.econst:_MAG_SCALE</name>
         <load_address>0x3060bc</load_address>
         <run_address>0xe0bc</run_address>
         <size>0x6</size>
         <input_file_ref idref="fl-e"/>
      </object_component>
      <object_component id="oc-197">
         <name>.econst:_RCinputDZ</name>
         <load_address>0x3060c2</load_address>
         <run_address>0xe0c2</run_address>
         <size>0x6</size>
         <input_file_ref idref="fl-e"/>
      </object_component>
      <object_component id="oc-19f">
         <name>.econst:_kp</name>
         <load_address>0x3060c8</load_address>
         <run_address>0xe0c8</run_address>
         <size>0x6</size>
         <input_file_ref idref="fl-7"/>
      </object_component>
      <object_component id="oc-19e">
         <name>.econst:_kv</name>
         <load_address>0x3060ce</load_address>
         <run_address>0xe0ce</run_address>
         <size>0x6</size>
         <input_file_ref idref="fl-7"/>
      </object_component>
      <object_component id="oc-74">
         <name>.econst</name>
         <load_address>0x3060d4</load_address>
         <run_address>0xe0d4</run_address>
         <size>0x6</size>
         <input_file_ref idref="fl-9"/>
      </object_component>
      <object_component id="oc-196">
         <name>.econst:_$P$T0$1</name>
         <load_address>0x3060da</load_address>
         <run_address>0xe0da</run_address>
         <size>0x4</size>
         <input_file_ref idref="fl-e"/>
      </object_component>
      <object_component id="oc-198">
         <name>.econst:_KitoVel</name>
         <load_address>0x3060de</load_address>
         <run_address>0xe0de</run_address>
         <size>0x4</size>
         <input_file_ref idref="fl-e"/>
      </object_component>
      <object_component id="oc-181">
         <name>.econst:_addr_server</name>
         <load_address>0x3060e2</load_address>
         <run_address>0xe0e2</run_address>
         <size>0x4</size>
         <input_file_ref idref="fl-a"/>
      </object_component>
      <object_component id="oc-4f">
         <name>.econst</name>
         <load_address>0x3060e6</load_address>
         <run_address>0xe0e6</run_address>
         <size>0x4</size>
         <input_file_ref idref="fl-2"/>
      </object_component>
      <object_component id="oc-8c">
         <name>.econst</name>
         <load_address>0x3060ea</load_address>
         <run_address>0xe0ea</run_address>
         <size>0x3</size>
         <input_file_ref idref="fl-d"/>
      </object_component>
      <object_component id="oc-79">
         <name>.econst</name>
         <load_address>0x3060ee</load_address>
         <run_address>0xe0ee</run_address>
         <size>0x2</size>
         <input_file_ref idref="fl-a"/>
      </object_component>
      <object_component id="oc-199">
         <name>.switch:_SetDestPos</name>
         <load_address>0x3060f0</load_address>
         <run_address>0xe0f0</run_address>
         <size>0x24</size>
         <input_file_ref idref="fl-e"/>
      </object_component>
      <object_component id="oc-17b">
         <name>.text</name>
         <load_address>0x300000</load_address>
         <run_address>0x8000</run_address>
         <size>0x1d66</size>
         <input_file_ref idref="fl-e"/>
      </object_component>
      <object_component id="oc-180">
         <name>.text</name>
         <load_address>0x301d66</load_address>
         <run_address>0x9d66</run_address>
         <size>0xb94</size>
         <input_file_ref idref="fl-2"/>
      </object_component>
      <object_component id="oc-184">
         <name>.text</name>
         <load_address>0x3028fa</load_address>
         <run_address>0xa8fa</run_address>
         <size>0x6e2</size>
         <input_file_ref idref="fl-7"/>
      </object_component>
      <object_component id="oc-7a">
         <name>.text:retain</name>
         <load_address>0x302fdc</load_address>
         <run_address>0xafdc</run_address>
         <size>0x58b</size>
         <input_file_ref idref="fl-a"/>
      </object_component>
      <object_component id="oc-185">
         <name>.text</name>
         <load_address>0x303567</load_address>
         <run_address>0xb567</run_address>
         <size>0x525</size>
         <input_file_ref idref="fl-c"/>
      </object_component>
      <object_component id="oc-96">
         <name>.text:retain</name>
         <load_address>0x303a8c</load_address>
         <run_address>0xba8c</run_address>
         <size>0x377</size>
         <input_file_ref idref="fl-e"/>
      </object_component>
      <object_component id="oc-f1">
         <name>.text:retain</name>
         <load_address>0x303e03</load_address>
         <run_address>0xbe03</run_address>
         <size>0x323</size>
         <input_file_ref idref="fl-18"/>
      </object_component>
      <object_component id="oc-17d">
         <name>.text</name>
         <load_address>0x304126</load_address>
         <run_address>0xc126</run_address>
         <size>0x2be</size>
         <input_file_ref idref="fl-8"/>
      </object_component>
      <object_component id="oc-17e">
         <name>.text</name>
         <load_address>0x3043e4</load_address>
         <run_address>0xc3e4</run_address>
         <size>0x243</size>
         <input_file_ref idref="fl-d"/>
      </object_component>
      <object_component id="oc-17c">
         <name>.text</name>
         <load_address>0x304627</load_address>
         <run_address>0xc627</run_address>
         <size>0x1f5</size>
         <input_file_ref idref="fl-3"/>
      </object_component>
      <object_component id="oc-1a3">
         <name>.text</name>
         <load_address>0x30481c</load_address>
         <run_address>0xc81c</run_address>
         <size>0x123</size>
         <input_file_ref idref="fl-38"/>
      </object_component>
      <object_component id="oc-19a">
         <name>.text</name>
         <load_address>0x30493f</load_address>
         <run_address>0xc93f</run_address>
         <size>0x112</size>
         <input_file_ref idref="fl-13"/>
      </object_component>
      <object_component id="oc-17f">
         <name>.text</name>
         <load_address>0x304a51</load_address>
         <run_address>0xca51</run_address>
         <size>0xd9</size>
         <input_file_ref idref="fl-4"/>
      </object_component>
      <object_component id="oc-18e">
         <name>.text</name>
         <load_address>0x304b2a</load_address>
         <run_address>0xcb2a</run_address>
         <size>0xc4</size>
         <input_file_ref idref="fl-20"/>
      </object_component>
      <object_component id="oc-123">
         <name>.text</name>
         <load_address>0x304bee</load_address>
         <run_address>0xcbee</run_address>
         <size>0x9c</size>
         <input_file_ref idref="fl-28"/>
      </object_component>
      <object_component id="oc-183">
         <name>.text</name>
         <load_address>0x304c8a</load_address>
         <run_address>0xcc8a</run_address>
         <size>0x9a</size>
         <input_file_ref idref="fl-a"/>
      </object_component>
      <object_component id="oc-127">
         <name>.text</name>
         <load_address>0x304d24</load_address>
         <run_address>0xcd24</run_address>
         <size>0x8b</size>
         <input_file_ref idref="fl-29"/>
      </object_component>
      <object_component id="oc-13f">
         <name>.text</name>
         <load_address>0x304daf</load_address>
         <run_address>0xcdaf</run_address>
         <size>0x88</size>
         <input_file_ref idref="fl-2f"/>
      </object_component>
      <object_component id="oc-12b">
         <name>.text</name>
         <load_address>0x304e37</load_address>
         <run_address>0xce37</run_address>
         <size>0x83</size>
         <input_file_ref idref="fl-2a"/>
      </object_component>
      <object_component id="oc-19d">
         <name>.text</name>
         <load_address>0x304eba</load_address>
         <run_address>0xceba</run_address>
         <size>0x7c</size>
         <input_file_ref idref="fl-19"/>
      </object_component>
      <object_component id="oc-18a">
         <name>.text</name>
         <load_address>0x304f36</load_address>
         <run_address>0xcf36</run_address>
         <size>0x6f</size>
         <input_file_ref idref="fl-1f"/>
      </object_component>
      <object_component id="oc-18c">
         <name>.text</name>
         <load_address>0x304fa5</load_address>
         <run_address>0xcfa5</run_address>
         <size>0x61</size>
         <input_file_ref idref="fl-24"/>
      </object_component>
      <object_component id="oc-18f">
         <name>.text</name>
         <load_address>0x305006</load_address>
         <run_address>0xd006</run_address>
         <size>0x61</size>
         <input_file_ref idref="fl-39"/>
      </object_component>
      <object_component id="oc-18d">
         <name>.text</name>
         <load_address>0x305067</load_address>
         <run_address>0xd067</run_address>
         <size>0x58</size>
         <input_file_ref idref="fl-35"/>
      </object_component>
      <object_component id="oc-4b">
         <name>.text</name>
         <load_address>0x3050bf</load_address>
         <run_address>0xd0bf</run_address>
         <size>0x46</size>
         <input_file_ref idref="fl-23"/>
      </object_component>
      <object_component id="oc-195">
         <name>.text</name>
         <load_address>0x305105</load_address>
         <run_address>0xd105</run_address>
         <size>0x31</size>
         <input_file_ref idref="fl-22"/>
      </object_component>
      <object_component id="oc-19b">
         <name>.text</name>
         <load_address>0x305136</load_address>
         <run_address>0xd136</run_address>
         <size>0x28</size>
         <input_file_ref idref="fl-15"/>
      </object_component>
      <object_component id="oc-133">
         <name>.text</name>
         <load_address>0x30515e</load_address>
         <run_address>0xd15e</run_address>
         <size>0x23</size>
         <input_file_ref idref="fl-2c"/>
      </object_component>
      <object_component id="oc-18b">
         <name>.text</name>
         <load_address>0x305182</load_address>
         <run_address>0xd182</run_address>
         <size>0x23</size>
         <input_file_ref idref="fl-36"/>
      </object_component>
      <object_component id="oc-147">
         <name>.text</name>
         <load_address>0x3051a5</load_address>
         <run_address>0xd1a5</run_address>
         <size>0x22</size>
         <input_file_ref idref="fl-31"/>
      </object_component>
      <object_component id="oc-192">
         <name>.text</name>
         <load_address>0x3051c7</load_address>
         <run_address>0xd1c7</run_address>
         <size>0x21</size>
         <input_file_ref idref="fl-34"/>
      </object_component>
      <object_component id="oc-19c">
         <name>.text</name>
         <load_address>0x3051e8</load_address>
         <run_address>0xd1e8</run_address>
         <size>0x20</size>
         <input_file_ref idref="fl-14"/>
      </object_component>
      <object_component id="oc-137">
         <name>.text</name>
         <load_address>0x305208</load_address>
         <run_address>0xd208</run_address>
         <size>0x1f</size>
         <input_file_ref idref="fl-2d"/>
      </object_component>
      <object_component id="oc-14b">
         <name>.text</name>
         <load_address>0x305227</load_address>
         <run_address>0xd227</run_address>
         <size>0x1d</size>
         <input_file_ref idref="fl-32"/>
      </object_component>
      <object_component id="oc-143">
         <name>.text</name>
         <load_address>0x305244</load_address>
         <run_address>0xd244</run_address>
         <size>0x1c</size>
         <input_file_ref idref="fl-30"/>
      </object_component>
      <object_component id="oc-179">
         <name>.text</name>
         <load_address>0x305260</load_address>
         <run_address>0xd260</run_address>
         <size>0x19</size>
         <input_file_ref idref="fl-3c"/>
      </object_component>
      <object_component id="oc-17a">
         <name>.text</name>
         <load_address>0x305279</load_address>
         <run_address>0xd279</run_address>
         <size>0x19</size>
         <input_file_ref idref="fl-27"/>
      </object_component>
      <object_component id="oc-1a1">
         <name>.text</name>
         <load_address>0x305292</load_address>
         <run_address>0xd292</run_address>
         <size>0x16</size>
         <input_file_ref idref="fl-2e"/>
      </object_component>
      <object_component id="oc-14f">
         <name>.text</name>
         <load_address>0x3052a8</load_address>
         <run_address>0xd2a8</run_address>
         <size>0x14</size>
         <input_file_ref idref="fl-33"/>
      </object_component>
      <object_component id="oc-12f">
         <name>.text</name>
         <load_address>0x3052bc</load_address>
         <run_address>0xd2bc</run_address>
         <size>0xe</size>
         <input_file_ref idref="fl-2b"/>
      </object_component>
      <object_component id="oc-16b">
         <name>.text</name>
         <load_address>0x3052ca</load_address>
         <run_address>0xd2ca</run_address>
         <size>0xb</size>
         <input_file_ref idref="fl-3a"/>
      </object_component>
      <object_component id="oc-193">
         <name>.text</name>
         <load_address>0x3052d5</load_address>
         <run_address>0xd2d5</run_address>
         <size>0xa</size>
         <input_file_ref idref="fl-37"/>
      </object_component>
      <object_component id="oc-182">
         <name>.text</name>
         <load_address>0x3052df</load_address>
         <run_address>0xd2df</run_address>
         <size>0x9</size>
         <input_file_ref idref="fl-3b"/>
      </object_component>
      <object_component id="oc-9b">
         <name>.text</name>
         <load_address>0x3052e8</load_address>
         <run_address>0xd2e8</run_address>
         <size>0x4</size>
         <input_file_ref idref="fl-f"/>
      </object_component>
      <object_component id="oc-194">
         <name>.text</name>
         <load_address>0x3052ec</load_address>
         <run_address>0xd2ec</run_address>
         <size>0x4</size>
         <input_file_ref idref="fl-21"/>
      </object_component>
      <object_component id="oc-4c">
         <name>.debug_info</name>
         <load_address>0x0</load_address>
         <run_address>0x0</run_address>
         <size>0x1977</size>
         <input_file_ref idref="fl-2"/>
      </object_component>
      <object_component id="oc-53">
         <name>.debug_info</name>
         <load_address>0x1977</load_address>
         <run_address>0x1977</run_address>
         <size>0xb5a</size>
         <input_file_ref idref="fl-3"/>
      </object_component>
      <object_component id="oc-58">
         <name>.debug_info</name>
         <load_address>0x24d1</load_address>
         <run_address>0x24d1</run_address>
         <size>0x7c8</size>
         <input_file_ref idref="fl-4"/>
      </object_component>
      <object_component id="oc-5c">
         <name>.debug_info</name>
         <load_address>0x2c99</load_address>
         <run_address>0x2c99</run_address>
         <size>0x3b0</size>
         <input_file_ref idref="fl-5"/>
      </object_component>
      <object_component id="oc-60">
         <name>.debug_info</name>
         <load_address>0x3049</load_address>
         <run_address>0x3049</run_address>
         <size>0x3df</size>
         <input_file_ref idref="fl-6"/>
      </object_component>
      <object_component id="oc-66">
         <name>.debug_info</name>
         <load_address>0x3428</load_address>
         <run_address>0x3428</run_address>
         <size>0x136c</size>
         <input_file_ref idref="fl-7"/>
      </object_component>
      <object_component id="oc-6d">
         <name>.debug_info</name>
         <load_address>0x4794</load_address>
         <run_address>0x4794</run_address>
         <size>0x1143</size>
         <input_file_ref idref="fl-8"/>
      </object_component>
      <object_component id="oc-73">
         <name>.debug_info</name>
         <load_address>0x58d7</load_address>
         <run_address>0x58d7</run_address>
         <size>0x3b7</size>
         <input_file_ref idref="fl-9"/>
      </object_component>
      <object_component id="oc-76">
         <name>.debug_info</name>
         <load_address>0x5c8e</load_address>
         <run_address>0x5c8e</run_address>
         <size>0x43af</size>
         <input_file_ref idref="fl-a"/>
      </object_component>
      <object_component id="oc-7e">
         <name>.debug_info</name>
         <load_address>0xa03d</load_address>
         <run_address>0xa03d</run_address>
         <size>0x10c2</size>
         <input_file_ref idref="fl-b"/>
      </object_component>
      <object_component id="oc-84">
         <name>.debug_info</name>
         <load_address>0xb0ff</load_address>
         <run_address>0xb0ff</run_address>
         <size>0x5245</size>
         <input_file_ref idref="fl-c"/>
      </object_component>
      <object_component id="oc-8a">
         <name>.debug_info</name>
         <load_address>0x10344</load_address>
         <run_address>0x10344</run_address>
         <size>0x15bf</size>
         <input_file_ref idref="fl-d"/>
      </object_component>
      <object_component id="oc-91">
         <name>.debug_info</name>
         <load_address>0x11903</load_address>
         <run_address>0x11903</run_address>
         <size>0x9837</size>
         <input_file_ref idref="fl-e"/>
      </object_component>
      <object_component id="oc-9c">
         <name>.debug_info</name>
         <load_address>0x1b13a</load_address>
         <run_address>0x1b13a</run_address>
         <size>0xd1</size>
         <input_file_ref idref="fl-f"/>
      </object_component>
      <object_component id="oc-a0">
         <name>.debug_info</name>
         <load_address>0x1b20b</load_address>
         <run_address>0x1b20b</run_address>
         <size>0x12b</size>
         <input_file_ref idref="fl-10"/>
      </object_component>
      <object_component id="oc-a5">
         <name>.debug_info</name>
         <load_address>0x1b336</load_address>
         <run_address>0x1b336</run_address>
         <size>0x124</size>
         <input_file_ref idref="fl-11"/>
      </object_component>
      <object_component id="oc-a8">
         <name>.debug_info</name>
         <load_address>0x1b45a</load_address>
         <run_address>0x1b45a</run_address>
         <size>0x2063</size>
         <input_file_ref idref="fl-12"/>
      </object_component>
      <object_component id="oc-ac">
         <name>.debug_info</name>
         <load_address>0x1d4bd</load_address>
         <run_address>0x1d4bd</run_address>
         <size>0x1eed</size>
         <input_file_ref idref="fl-13"/>
      </object_component>
      <object_component id="oc-b0">
         <name>.debug_info</name>
         <load_address>0x1f3aa</load_address>
         <run_address>0x1f3aa</run_address>
         <size>0x227d</size>
         <input_file_ref idref="fl-14"/>
      </object_component>
      <object_component id="oc-b5">
         <name>.debug_info</name>
         <load_address>0x21627</load_address>
         <run_address>0x21627</run_address>
         <size>0xb13</size>
         <input_file_ref idref="fl-15"/>
      </object_component>
      <object_component id="oc-b9">
         <name>.debug_info</name>
         <load_address>0x2213a</load_address>
         <run_address>0x2213a</run_address>
         <size>0x23d1</size>
         <input_file_ref idref="fl-16"/>
      </object_component>
      <object_component id="oc-bd">
         <name>.debug_info</name>
         <load_address>0x2450b</load_address>
         <run_address>0x2450b</run_address>
         <size>0x12d7b</size>
         <input_file_ref idref="fl-17"/>
      </object_component>
      <object_component id="oc-f0">
         <name>.debug_info</name>
         <load_address>0x37286</load_address>
         <run_address>0x37286</run_address>
         <size>0x22d2</size>
         <input_file_ref idref="fl-18"/>
      </object_component>
      <object_component id="oc-f5">
         <name>.debug_info</name>
         <load_address>0x39558</load_address>
         <run_address>0x39558</run_address>
         <size>0x95f</size>
         <input_file_ref idref="fl-19"/>
      </object_component>
      <object_component id="oc-fb">
         <name>.debug_info</name>
         <load_address>0x39eb7</load_address>
         <run_address>0x39eb7</run_address>
         <size>0xd1</size>
         <input_file_ref idref="fl-1a"/>
      </object_component>
      <object_component id="oc-fe">
         <name>.debug_info</name>
         <load_address>0x39f88</load_address>
         <run_address>0x39f88</run_address>
         <size>0x44d</size>
         <input_file_ref idref="fl-1f"/>
      </object_component>
      <object_component id="oc-102">
         <name>.debug_info</name>
         <load_address>0x3a3d5</load_address>
         <run_address>0x3a3d5</run_address>
         <size>0x4f5</size>
         <input_file_ref idref="fl-20"/>
      </object_component>
      <object_component id="oc-106">
         <name>.debug_info</name>
         <load_address>0x3a8ca</load_address>
         <run_address>0x3a8ca</run_address>
         <size>0x3e4</size>
         <input_file_ref idref="fl-21"/>
      </object_component>
      <object_component id="oc-10a">
         <name>.debug_info</name>
         <load_address>0x3acae</load_address>
         <run_address>0x3acae</run_address>
         <size>0x401</size>
         <input_file_ref idref="fl-22"/>
      </object_component>
      <object_component id="oc-110">
         <name>.debug_info</name>
         <load_address>0x3b0af</load_address>
         <run_address>0x3b0af</run_address>
         <size>0xde</size>
         <input_file_ref idref="fl-23"/>
      </object_component>
      <object_component id="oc-113">
         <name>.debug_info</name>
         <load_address>0x3b18d</load_address>
         <run_address>0x3b18d</run_address>
         <size>0x3c6</size>
         <input_file_ref idref="fl-24"/>
      </object_component>
      <object_component id="oc-117">
         <name>.debug_info</name>
         <load_address>0x3b553</load_address>
         <run_address>0x3b553</run_address>
         <size>0x372</size>
         <input_file_ref idref="fl-25"/>
      </object_component>
      <object_component id="oc-119">
         <name>.debug_info</name>
         <load_address>0x3b8c5</load_address>
         <run_address>0x3b8c5</run_address>
         <size>0x355</size>
         <input_file_ref idref="fl-26"/>
      </object_component>
      <object_component id="oc-11d">
         <name>.debug_info</name>
         <load_address>0x3bc1a</load_address>
         <run_address>0x3bc1a</run_address>
         <size>0x488</size>
         <input_file_ref idref="fl-27"/>
      </object_component>
      <object_component id="oc-124">
         <name>.debug_info</name>
         <load_address>0x3c0a2</load_address>
         <run_address>0x3c0a2</run_address>
         <size>0xc0</size>
         <input_file_ref idref="fl-28"/>
      </object_component>
      <object_component id="oc-128">
         <name>.debug_info</name>
         <load_address>0x3c162</load_address>
         <run_address>0x3c162</run_address>
         <size>0xc0</size>
         <input_file_ref idref="fl-29"/>
      </object_component>
      <object_component id="oc-12c">
         <name>.debug_info</name>
         <load_address>0x3c222</load_address>
         <run_address>0x3c222</run_address>
         <size>0xc0</size>
         <input_file_ref idref="fl-2a"/>
      </object_component>
      <object_component id="oc-130">
         <name>.debug_info</name>
         <load_address>0x3c2e2</load_address>
         <run_address>0x3c2e2</run_address>
         <size>0xce</size>
         <input_file_ref idref="fl-2b"/>
      </object_component>
      <object_component id="oc-134">
         <name>.debug_info</name>
         <load_address>0x3c3b0</load_address>
         <run_address>0x3c3b0</run_address>
         <size>0xc6</size>
         <input_file_ref idref="fl-2c"/>
      </object_component>
      <object_component id="oc-138">
         <name>.debug_info</name>
         <load_address>0x3c476</load_address>
         <run_address>0x3c476</run_address>
         <size>0xc0</size>
         <input_file_ref idref="fl-2d"/>
      </object_component>
      <object_component id="oc-13b">
         <name>.debug_info</name>
         <load_address>0x3c536</load_address>
         <run_address>0x3c536</run_address>
         <size>0x3d2</size>
         <input_file_ref idref="fl-2e"/>
      </object_component>
      <object_component id="oc-140">
         <name>.debug_info</name>
         <load_address>0x3c908</load_address>
         <run_address>0x3c908</run_address>
         <size>0xc0</size>
         <input_file_ref idref="fl-2f"/>
      </object_component>
      <object_component id="oc-144">
         <name>.debug_info</name>
         <load_address>0x3c9c8</load_address>
         <run_address>0x3c9c8</run_address>
         <size>0xc6</size>
         <input_file_ref idref="fl-30"/>
      </object_component>
      <object_component id="oc-148">
         <name>.debug_info</name>
         <load_address>0x3ca8e</load_address>
         <run_address>0x3ca8e</run_address>
         <size>0xeb</size>
         <input_file_ref idref="fl-31"/>
      </object_component>
      <object_component id="oc-14c">
         <name>.debug_info</name>
         <load_address>0x3cb79</load_address>
         <run_address>0x3cb79</run_address>
         <size>0xc0</size>
         <input_file_ref idref="fl-32"/>
      </object_component>
      <object_component id="oc-150">
         <name>.debug_info</name>
         <load_address>0x3cc39</load_address>
         <run_address>0x3cc39</run_address>
         <size>0xc0</size>
         <input_file_ref idref="fl-33"/>
      </object_component>
      <object_component id="oc-153">
         <name>.debug_info</name>
         <load_address>0x3ccf9</load_address>
         <run_address>0x3ccf9</run_address>
         <size>0x455</size>
         <input_file_ref idref="fl-34"/>
      </object_component>
      <object_component id="oc-157">
         <name>.debug_info</name>
         <load_address>0x3d14e</load_address>
         <run_address>0x3d14e</run_address>
         <size>0x3d8</size>
         <input_file_ref idref="fl-35"/>
      </object_component>
      <object_component id="oc-15b">
         <name>.debug_info</name>
         <load_address>0x3d526</load_address>
         <run_address>0x3d526</run_address>
         <size>0x3e0</size>
         <input_file_ref idref="fl-36"/>
      </object_component>
      <object_component id="oc-15f">
         <name>.debug_info</name>
         <load_address>0x3d906</load_address>
         <run_address>0x3d906</run_address>
         <size>0x42f</size>
         <input_file_ref idref="fl-37"/>
      </object_component>
      <object_component id="oc-163">
         <name>.debug_info</name>
         <load_address>0x3dd35</load_address>
         <run_address>0x3dd35</run_address>
         <size>0x5ba</size>
         <input_file_ref idref="fl-38"/>
      </object_component>
      <object_component id="oc-167">
         <name>.debug_info</name>
         <load_address>0x3e2ef</load_address>
         <run_address>0x3e2ef</run_address>
         <size>0x3d2</size>
         <input_file_ref idref="fl-39"/>
      </object_component>
      <object_component id="oc-16c">
         <name>.debug_info</name>
         <load_address>0x3e6c1</load_address>
         <run_address>0x3e6c1</run_address>
         <size>0xeb</size>
         <input_file_ref idref="fl-3a"/>
      </object_component>
      <object_component id="oc-16f">
         <name>.debug_info</name>
         <load_address>0x3e7ac</load_address>
         <run_address>0x3e7ac</run_address>
         <size>0x4ae</size>
         <input_file_ref idref="fl-3b"/>
      </object_component>
      <object_component id="oc-175">
         <name>.debug_info</name>
         <load_address>0x3ec5a</load_address>
         <run_address>0x3ec5a</run_address>
         <size>0x46f</size>
         <input_file_ref idref="fl-3c"/>
      </object_component>
      <object_component id="oc-1fa">
         <name>.debug_info</name>
         <load_address>0x3f0c9</load_address>
         <run_address>0x3f0c9</run_address>
         <size>0x6f</size>
      </object_component>
      <object_component id="oc-50">
         <name>.debug_frame</name>
         <load_address>0x0</load_address>
         <run_address>0x0</run_address>
         <size>0x1ad</size>
         <input_file_ref idref="fl-2"/>
      </object_component>
      <object_component id="oc-55">
         <name>.debug_frame</name>
         <load_address>0x1ad</load_address>
         <run_address>0x1ad</run_address>
         <size>0x1db</size>
         <input_file_ref idref="fl-3"/>
      </object_component>
      <object_component id="oc-59">
         <name>.debug_frame</name>
         <load_address>0x388</load_address>
         <run_address>0x388</run_address>
         <size>0x19c</size>
         <input_file_ref idref="fl-4"/>
      </object_component>
      <object_component id="oc-63">
         <name>.debug_frame</name>
         <load_address>0x524</load_address>
         <run_address>0x524</run_address>
         <size>0x8e</size>
         <input_file_ref idref="fl-6"/>
      </object_component>
      <object_component id="oc-6a">
         <name>.debug_frame</name>
         <load_address>0x5b2</load_address>
         <run_address>0x5b2</run_address>
         <size>0x1c8</size>
         <input_file_ref idref="fl-7"/>
      </object_component>
      <object_component id="oc-70">
         <name>.debug_frame</name>
         <load_address>0x77a</load_address>
         <run_address>0x77a</run_address>
         <size>0x18a</size>
         <input_file_ref idref="fl-8"/>
      </object_component>
      <object_component id="oc-7b">
         <name>.debug_frame</name>
         <load_address>0x904</load_address>
         <run_address>0x904</run_address>
         <size>0x157</size>
         <input_file_ref idref="fl-a"/>
      </object_component>
      <object_component id="oc-81">
         <name>.debug_frame</name>
         <load_address>0xa5b</load_address>
         <run_address>0xa5b</run_address>
         <size>0x8e</size>
         <input_file_ref idref="fl-b"/>
      </object_component>
      <object_component id="oc-87">
         <name>.debug_frame</name>
         <load_address>0xae9</load_address>
         <run_address>0xae9</run_address>
         <size>0x398</size>
         <input_file_ref idref="fl-c"/>
      </object_component>
      <object_component id="oc-8e">
         <name>.debug_frame</name>
         <load_address>0xe81</load_address>
         <run_address>0xe81</run_address>
         <size>0x123</size>
         <input_file_ref idref="fl-d"/>
      </object_component>
      <object_component id="oc-98">
         <name>.debug_frame</name>
         <load_address>0xfa4</load_address>
         <run_address>0xfa4</run_address>
         <size>0xce0</size>
         <input_file_ref idref="fl-e"/>
      </object_component>
      <object_component id="oc-a9">
         <name>.debug_frame</name>
         <load_address>0x1c84</load_address>
         <run_address>0x1c84</run_address>
         <size>0x8e</size>
         <input_file_ref idref="fl-12"/>
      </object_component>
      <object_component id="oc-ad">
         <name>.debug_frame</name>
         <load_address>0x1d12</load_address>
         <run_address>0x1d12</run_address>
         <size>0x144</size>
         <input_file_ref idref="fl-13"/>
      </object_component>
      <object_component id="oc-b2">
         <name>.debug_frame</name>
         <load_address>0x1e56</load_address>
         <run_address>0x1e56</run_address>
         <size>0xac</size>
         <input_file_ref idref="fl-14"/>
      </object_component>
      <object_component id="oc-b6">
         <name>.debug_frame</name>
         <load_address>0x1f02</load_address>
         <run_address>0x1f02</run_address>
         <size>0xbe</size>
         <input_file_ref idref="fl-15"/>
      </object_component>
      <object_component id="oc-ba">
         <name>.debug_frame</name>
         <load_address>0x1fc0</load_address>
         <run_address>0x1fc0</run_address>
         <size>0x8e</size>
         <input_file_ref idref="fl-16"/>
      </object_component>
      <object_component id="oc-f2">
         <name>.debug_frame</name>
         <load_address>0x204e</load_address>
         <run_address>0x204e</run_address>
         <size>0xd1a</size>
         <input_file_ref idref="fl-18"/>
      </object_component>
      <object_component id="oc-f7">
         <name>.debug_frame</name>
         <load_address>0x2d68</load_address>
         <run_address>0x2d68</run_address>
         <size>0xc5</size>
         <input_file_ref idref="fl-19"/>
      </object_component>
      <object_component id="oc-ff">
         <name>.debug_frame</name>
         <load_address>0x2e2d</load_address>
         <run_address>0x2e2d</run_address>
         <size>0xc8</size>
         <input_file_ref idref="fl-1f"/>
      </object_component>
      <object_component id="oc-103">
         <name>.debug_frame</name>
         <load_address>0x2ef5</load_address>
         <run_address>0x2ef5</run_address>
         <size>0xc8</size>
         <input_file_ref idref="fl-20"/>
      </object_component>
      <object_component id="oc-107">
         <name>.debug_frame</name>
         <load_address>0x2fbd</load_address>
         <run_address>0x2fbd</run_address>
         <size>0xa6</size>
         <input_file_ref idref="fl-21"/>
      </object_component>
      <object_component id="oc-10b">
         <name>.debug_frame</name>
         <load_address>0x3063</load_address>
         <run_address>0x3063</run_address>
         <size>0xa6</size>
         <input_file_ref idref="fl-22"/>
      </object_component>
      <object_component id="oc-114">
         <name>.debug_frame</name>
         <load_address>0x3109</load_address>
         <run_address>0x3109</run_address>
         <size>0xad</size>
         <input_file_ref idref="fl-24"/>
      </object_component>
      <object_component id="oc-120">
         <name>.debug_frame</name>
         <load_address>0x31b6</load_address>
         <run_address>0x31b6</run_address>
         <size>0xc7</size>
         <input_file_ref idref="fl-27"/>
      </object_component>
      <object_component id="oc-13c">
         <name>.debug_frame</name>
         <load_address>0x327d</load_address>
         <run_address>0x327d</run_address>
         <size>0xac</size>
         <input_file_ref idref="fl-2e"/>
      </object_component>
      <object_component id="oc-154">
         <name>.debug_frame</name>
         <load_address>0x3329</load_address>
         <run_address>0x3329</run_address>
         <size>0xa6</size>
         <input_file_ref idref="fl-34"/>
      </object_component>
      <object_component id="oc-158">
         <name>.debug_frame</name>
         <load_address>0x33cf</load_address>
         <run_address>0x33cf</run_address>
         <size>0xad</size>
         <input_file_ref idref="fl-35"/>
      </object_component>
      <object_component id="oc-15c">
         <name>.debug_frame</name>
         <load_address>0x347c</load_address>
         <run_address>0x347c</run_address>
         <size>0xac</size>
         <input_file_ref idref="fl-36"/>
      </object_component>
      <object_component id="oc-160">
         <name>.debug_frame</name>
         <load_address>0x3528</load_address>
         <run_address>0x3528</run_address>
         <size>0xa6</size>
         <input_file_ref idref="fl-37"/>
      </object_component>
      <object_component id="oc-164">
         <name>.debug_frame</name>
         <load_address>0x35ce</load_address>
         <run_address>0x35ce</run_address>
         <size>0xc9</size>
         <input_file_ref idref="fl-38"/>
      </object_component>
      <object_component id="oc-168">
         <name>.debug_frame</name>
         <load_address>0x3697</load_address>
         <run_address>0x3697</run_address>
         <size>0xad</size>
         <input_file_ref idref="fl-39"/>
      </object_component>
      <object_component id="oc-172">
         <name>.debug_frame</name>
         <load_address>0x3744</load_address>
         <run_address>0x3744</run_address>
         <size>0xd6</size>
         <input_file_ref idref="fl-3b"/>
      </object_component>
      <object_component id="oc-176">
         <name>.debug_frame</name>
         <load_address>0x381a</load_address>
         <run_address>0x381a</run_address>
         <size>0xa6</size>
         <input_file_ref idref="fl-3c"/>
      </object_component>
      <object_component id="oc-51">
         <name>.debug_line</name>
         <load_address>0x0</load_address>
         <run_address>0x0</run_address>
         <size>0x426</size>
         <input_file_ref idref="fl-2"/>
      </object_component>
      <object_component id="oc-56">
         <name>.debug_line</name>
         <load_address>0x426</load_address>
         <run_address>0x426</run_address>
         <size>0x1c0</size>
         <input_file_ref idref="fl-3"/>
      </object_component>
      <object_component id="oc-5a">
         <name>.debug_line</name>
         <load_address>0x5e6</load_address>
         <run_address>0x5e6</run_address>
         <size>0x11b</size>
         <input_file_ref idref="fl-4"/>
      </object_component>
      <object_component id="oc-64">
         <name>.debug_line</name>
         <load_address>0x701</load_address>
         <run_address>0x701</run_address>
         <size>0x30</size>
         <input_file_ref idref="fl-6"/>
      </object_component>
      <object_component id="oc-6b">
         <name>.debug_line</name>
         <load_address>0x731</load_address>
         <run_address>0x731</run_address>
         <size>0x1f6</size>
         <input_file_ref idref="fl-7"/>
      </object_component>
      <object_component id="oc-71">
         <name>.debug_line</name>
         <load_address>0x927</load_address>
         <run_address>0x927</run_address>
         <size>0x1c5</size>
         <input_file_ref idref="fl-8"/>
      </object_component>
      <object_component id="oc-7c">
         <name>.debug_line</name>
         <load_address>0xaec</load_address>
         <run_address>0xaec</run_address>
         <size>0x3d9</size>
         <input_file_ref idref="fl-a"/>
      </object_component>
      <object_component id="oc-82">
         <name>.debug_line</name>
         <load_address>0xec5</load_address>
         <run_address>0xec5</run_address>
         <size>0x32</size>
         <input_file_ref idref="fl-b"/>
      </object_component>
      <object_component id="oc-88">
         <name>.debug_line</name>
         <load_address>0xef7</load_address>
         <run_address>0xef7</run_address>
         <size>0x594</size>
         <input_file_ref idref="fl-c"/>
      </object_component>
      <object_component id="oc-8f">
         <name>.debug_line</name>
         <load_address>0x148b</load_address>
         <run_address>0x148b</run_address>
         <size>0x18b</size>
         <input_file_ref idref="fl-d"/>
      </object_component>
      <object_component id="oc-99">
         <name>.debug_line</name>
         <load_address>0x1616</load_address>
         <run_address>0x1616</run_address>
         <size>0x126a</size>
         <input_file_ref idref="fl-e"/>
      </object_component>
      <object_component id="oc-9d">
         <name>.debug_line</name>
         <load_address>0x2880</load_address>
         <run_address>0x2880</run_address>
         <size>0x49</size>
         <input_file_ref idref="fl-f"/>
      </object_component>
      <object_component id="oc-a1">
         <name>.debug_line</name>
         <load_address>0x28c9</load_address>
         <run_address>0x28c9</run_address>
         <size>0x74</size>
         <input_file_ref idref="fl-10"/>
      </object_component>
      <object_component id="oc-a6">
         <name>.debug_line</name>
         <load_address>0x293d</load_address>
         <run_address>0x293d</run_address>
         <size>0x68</size>
         <input_file_ref idref="fl-11"/>
      </object_component>
      <object_component id="oc-aa">
         <name>.debug_line</name>
         <load_address>0x29a5</load_address>
         <run_address>0x29a5</run_address>
         <size>0x35</size>
         <input_file_ref idref="fl-12"/>
      </object_component>
      <object_component id="oc-ae">
         <name>.debug_line</name>
         <load_address>0x29da</load_address>
         <run_address>0x29da</run_address>
         <size>0x166</size>
         <input_file_ref idref="fl-13"/>
      </object_component>
      <object_component id="oc-b3">
[...]
         <name>_SPITXINTA_ISR</name>
         <value>0xbfd9</value>
         <object_component_ref idref="oc-f1"/>
      </symbol>
      <symbol id="sm-6d1">
         <name>_SPIRXINTA_ISR</name>
         <value>0xbfcf</value>
         <object_component_ref idref="oc-f1"/>
      </symbol>
      <symbol id="sm-6d2">
         <name>_DINTCH3_ISR</name>
         <value>0xc01f</value>
         <object_component_ref idref="oc-f1"/>
      </symbol>
      <symbol id="sm-6d3">
         <name>_XINT4_ISR</name>
         <value>0xc0c9</value>
         <object_component_ref idref="oc-f1"/>
      </symbol>
      <symbol id="sm-6d4">
         <name>_SEQ1INT_ISR</name>
         <value>0xbec1</value>
         <object_component_ref idref="oc-f1"/>
      </symbol>
      <symbol id="sm-6d5">
         <name>_ECAP3_INT_ISR</name>
         <value>0xbf93</value>
         <object_component_ref idref="oc-f1"/>
      </symbol>
      <symbol id="sm-6d6">
         <name>_INT13_ISR</name>
         <value>0xbe03</value>
         <object_component_ref idref="oc-f1"/>
      </symbol>
      <symbol id="sm-6d7">
         <name>_MXINTA_ISR</name>
         <value>0xc001</value>
         <object_component_ref idref="oc-f1"/>
      </symbol>
      <symbol id="sm-6d8">
         <name>_EPWM4_INT_ISR</name>
         <value>0xbf61</value>
         <object_component_ref idref="oc-f1"/>
      </symbol>
      <symbol id="sm-6d9">
         <name>_USER5_ISR</name>
         <value>0xbe71</value>
         <object_component_ref idref="oc-f1"/>
      </symbol>
      <symbol id="sm-6da">
         <name>_XINT7_ISR</name>
         <value>0xc0e7</value>
         <object_component_ref idref="oc-f1"/>
      </symbol>
      <symbol id="sm-6db">
         <name>_EMPTY_ISR</name>
         <value>0xc105</value>
         <object_component_ref idref="oc-f1"/>
      </symbol>
      <symbol id="sm-6dc">
         <name>_EPWM5_TZINT_ISR</name>
         <value>0xbf2f</value>
         <object_component_ref idref="oc-f1"/>
      </symbol>
      <symbol id="sm-6dd">
         <name>_EPWM4_TZINT_ISR</name>
         <value>0xbf25</value>
         <object_component_ref idref="oc-f1"/>
      </symbol>
      <symbol id="sm-6de">
         <name>_ECAN0INTA_ISR</name>
         <value>0xc097</value>
         <object_component_ref idref="oc-f1"/>
      </symbol>
      <symbol id="sm-6df">
         <name>_EPWM6_TZINT_ISR</name>
         <value>0xbf39</value>
         <object_component_ref idref="oc-f1"/>
      </symbol>
      <symbol id="sm-6e0">
         <name>_EMUINT_ISR</name>
         <value>0xbe2b</value>
         <object_component_ref idref="oc-f1"/>
      </symbol>
      <symbol id="sm-6e1">
         <name>_ECAP1_INT_ISR</name>
         <value>0xbf7f</value>
         <object_component_ref idref="oc-f1"/>
      </symbol>
      <symbol id="sm-6e2">
         <name>_EPWM1_TZINT_ISR</name>
         <value>0xbf07</value>
         <object_component_ref idref="oc-f1"/>
      </symbol>
      <symbol id="sm-6e3">
         <name>_EQEP2_INT_ISR</name>
         <value>0xbfc5</value>
         <object_component_ref idref="oc-f1"/>
      </symbol>
      <symbol id="sm-6e4">
         <name>_USER11_ISR</name>
         <value>0xbead</value>
         <object_component_ref idref="oc-f1"/>
      </symbol>
      <symbol id="sm-6e5">
         <name>_EPWM3_TZINT_ISR</name>
         <value>0xbf1b</value>
         <object_component_ref idref="oc-f1"/>
      </symbol>
      <symbol id="sm-6e6">
         <name>_USER4_ISR</name>
         <value>0xbe67</value>
         <object_component_ref idref="oc-f1"/>
      </symbol>
      <symbol id="sm-6e7">
         <name>_EPWM2_TZINT_ISR</name>
         <value>0xbf11</value>
         <object_component_ref idref="oc-f1"/>
      </symbol>
      <symbol id="sm-6e8">
         <name>_XINT6_ISR</name>
         <value>0xc0dd</value>
         <object_component_ref idref="oc-f1"/>
      </symbol>
      <symbol id="sm-6e9">
         <name>_EPWM2_INT_ISR</name>
         <value>0xbf4d</value>
         <object_component_ref idref="oc-f1"/>
      </symbol>
      <symbol id="sm-6ea">
         <name>_ECAN0INTB_ISR</name>
         <value>0xc0ab</value>
         <object_component_ref idref="oc-f1"/>
      </symbol>
      <symbol id="sm-6eb">
         <name>_TINT0_ISR</name>
         <value>0xbef3</value>
         <object_component_ref idref="oc-f1"/>
      </symbol>
      <symbol id="sm-6ec">
         <name>_WAKEINT_ISR</name>
         <value>0xbefd</value>
         <object_component_ref idref="oc-f1"/>
      </symbol>
      <symbol id="sm-6ed">
         <name>_DINTCH4_ISR</name>
         <value>0xc029</value>
         <object_component_ref idref="oc-f1"/>
      </symbol>
      <symbol id="sm-6ee">
         <name>_USER10_ISR</name>
         <value>0xbea3</value>
         <object_component_ref idref="oc-f1"/>
      </symbol>
      <symbol id="sm-6ef">
         <name>_USER7_ISR</name>
         <value>0xbe85</value>
         <object_component_ref idref="oc-f1"/>
      </symbol>
      <symbol id="sm-6f0">
         <name>_XINT1_ISR</name>
         <value>0xbed5</value>
         <object_component_ref idref="oc-f1"/>
      </symbol>
      <symbol id="sm-6f1">
         <name>_ECAP6_INT_ISR</name>
         <value>0xbfb1</value>
         <object_component_ref idref="oc-f1"/>
      </symbol>
      <symbol id="sm-6f2">
         <name>_INT14_ISR</name>
         <value>0xbe0d</value>
         <object_component_ref idref="oc-f1"/>
      </symbol>
      <symbol id="sm-6f3">
         <name>_MXINTB_ISR</name>
         <value>0xbfed</value>
         <object_component_ref idref="oc-f1"/>
      </symbol>
      <symbol id="sm-6f4">
         <name>_DINTCH5_ISR</name>
         <value>0xc033</value>
         <object_component_ref idref="oc-f1"/>
      </symbol>
      <symbol id="sm-6f5">
         <name>_USER6_ISR</name>
         <value>0xbe7b</value>
         <object_component_ref idref="oc-f1"/>
      </symbol>
      <symbol id="sm-6f6">
         <name>_ECAP4_INT_ISR</name>
         <value>0xbf9d</value>
         <object_component_ref idref="oc-f1"/>
      </symbol>
      <symbol id="sm-6f7">
         <name>_MRINTA_ISR</name>
         <value>0xbff7</value>
         <object_component_ref idref="oc-f1"/>
      </symbol>
      <symbol id="sm-6f8">
         <name>_DINTCH6_ISR</name>
         <value>0xc03d</value>
         <object_component_ref idref="oc-f1"/>
      </symbol>
      <symbol id="sm-6f9">
         <name>_USER12_ISR</name>
         <value>0xbeb7</value>
         <object_component_ref idref="oc-f1"/>
      </symbol>
      <symbol id="sm-6fa">
         <name>_ADCINT_ISR</name>
         <value>0xbee9</value>
         <object_component_ref idref="oc-f1"/>
      </symbol>
      <symbol id="sm-6fb">
         <name>_USER1_ISR</name>
         <value>0xbe49</value>
         <object_component_ref idref="oc-f1"/>
      </symbol>
      <symbol id="sm-6fc">
         <name>_XINT3_ISR</name>
         <value>0xc0bf</value>
         <object_component_ref idref="oc-f1"/>
      </symbol>
      <symbol id="sm-6fd">
         <name>_EPWM5_INT_ISR</name>
         <value>0xbf6b</value>
         <object_component_ref idref="oc-f1"/>
      </symbol>
      <symbol id="sm-6fe">
         <name>_NMI_ISR</name>
         <value>0xbe35</value>
         <object_component_ref idref="oc-f1"/>
      </symbol>
      <symbol id="sm-6ff">
         <name>_SCITXINTB_ISR</name>
         <value>0xc08d</value>
         <object_component_ref idref="oc-f1"/>
      </symbol>
      <symbol id="sm-700">
         <name>_SCIRXINTB_ISR</name>
         <value>0xc083</value>
         <object_component_ref idref="oc-f1"/>
      </symbol>
      <symbol id="sm-701">
         <name>_ECAN1INTA_ISR</name>
         <value>0xc0a1</value>
         <object_component_ref idref="oc-f1"/>
      </symbol>
      <symbol id="sm-702">
         <name>_ECAP2_INT_ISR</name>
         <value>0xbf89</value>
         <object_component_ref idref="oc-f1"/>
      </symbol>
      <symbol id="sm-703">
         <name>_PIE_RESERVED</name>
         <value>0xc112</value>
         <object_component_ref idref="oc-f1"/>
      </symbol>
      <symbol id="sm-704">
         <name>_I2CINT1A_ISR</name>
         <value>0xc047</value>
         <object_component_ref idref="oc-f1"/>
      </symbol>
      <symbol id="sm-705">
         <name>_XINT2_ISR</name>
         <value>0xbedf</value>
         <object_component_ref idref="oc-f1"/>
      </symbol>
      <symbol id="sm-706">
         <name>_I2CINT2A_ISR</name>
         <value>0xc051</value>
         <object_component_ref idref="oc-f1"/>
      </symbol>
      <symbol id="sm-707">
         <name>_SCITXINTC_ISR</name>
         <value>0xc065</value>
         <object_component_ref idref="oc-f1"/>
      </symbol>
      <symbol id="sm-708">
         <name>_SCIRXINTC_ISR</name>
         <value>0xc05b</value>
         <object_component_ref idref="oc-f1"/>
      </symbol>
      <symbol id="sm-709">
         <name>_RTOSINT_ISR</name>
         <value>0xbe21</value>
         <object_component_ref idref="oc-f1"/>
      </symbol>
      <symbol id="sm-70a">
         <name>_EPWM3_INT_ISR</name>
         <value>0xbf57</value>
         <object_component_ref idref="oc-f1"/>
      </symbol>
      <symbol id="sm-70b">
         <name>_ECAN1INTB_ISR</name>
         <value>0xc0b5</value>
         <object_component_ref idref="oc-f1"/>
      </symbol>
      <symbol id="sm-70c">
         <name>_USER9_ISR</name>
         <value>0xbe99</value>
         <object_component_ref idref="oc-f1"/>
      </symbol>
      <symbol id="sm-70d">
         <name>_USER3_ISR</name>
         <value>0xbe5d</value>
         <object_component_ref idref="oc-f1"/>
      </symbol>
      <symbol id="sm-70e">
         <name>_EQEP1_INT_ISR</name>
         <value>0xbfbb</value>
         <object_component_ref idref="oc-f1"/>
      </symbol>
      <symbol id="sm-70f">
         <name>_MRINTB_ISR</name>
         <value>0xbfe3</value>
         <object_component_ref idref="oc-f1"/>
      </symbol>
      <symbol id="sm-710">
         <name>_DINTCH1_ISR</name>
         <value>0xc00b</value>
         <object_component_ref idref="oc-f1"/>
      </symbol>
      <symbol id="sm-711">
         <name>_USER8_ISR</name>
         <value>0xbe8f</value>
         <object_component_ref idref="oc-f1"/>
      </symbol>
      <symbol id="sm-712">
         <name>_EPWM1_INT_ISR</name>
         <value>0xbf43</value>
         <object_component_ref idref="oc-f1"/>
      </symbol>
      <symbol id="sm-713">
         <name>_SEQ2INT_ISR</name>
         <value>0xbecb</value>
         <object_component_ref idref="oc-f1"/>
      </symbol>
      <symbol id="sm-714">
         <name>_USER2_ISR</name>
         <value>0xbe53</value>
         <object_component_ref idref="oc-f1"/>
      </symbol>
      <symbol id="sm-715">
         <name>_LUF_ISR</name>
         <value>0xc0fb</value>
         <object_component_ref idref="oc-f1"/>
      </symbol>
      <symbol id="sm-716">
         <name>_LVF_ISR</name>
         <value>0xc0f1</value>
         <object_component_ref idref="oc-f1"/>
      </symbol>
      <symbol id="sm-717">
         <name>_SCITXINTA_ISR</name>
         <value>0xc079</value>
         <object_component_ref idref="oc-f1"/>
      </symbol>
      <symbol id="sm-718">
         <name>_SCIRXINTA_ISR</name>
         <value>0xc06f</value>
         <object_component_ref idref="oc-f1"/>
      </symbol>
      <symbol id="sm-719">
         <name>_rsvd_ISR</name>
         <value>0xc11c</value>
         <object_component_ref idref="oc-f1"/>
      </symbol>
      <symbol id="sm-71a">
         <name>_ECAP5_INT_ISR</name>
         <value>0xbfa7</value>
         <object_component_ref idref="oc-f1"/>
      </symbol>
      <symbol id="sm-71b">
         <name>_DINTCH2_ISR</name>
         <value>0xc015</value>
         <object_component_ref idref="oc-f1"/>
      </symbol>
      <symbol id="sm-71c">
         <name>_XINT5_ISR</name>
         <value>0xc0d3</value>
         <object_component_ref idref="oc-f1"/>
      </symbol>
      <symbol id="sm-728">
         <name>_CpuTimer2</name>
         <value>0xfc48</value>
         <object_component_ref idref="oc-f6"/>
      </symbol>
      <symbol id="sm-729">
         <name>_CpuTimer0</name>
         <value>0xfc50</value>
         <object_component_ref idref="oc-f6"/>
      </symbol>
      <symbol id="sm-72a">
         <name>_CpuTimer1</name>
         <value>0xfc40</value>
         <object_component_ref idref="oc-f6"/>
      </symbol>
      <symbol id="sm-72b">
         <name>_InitCpuTimers</name>
         <value>0xceba</value>
         <object_component_ref idref="oc-19d"/>
      </symbol>
      <symbol id="sm-72c">
         <name>_ConfigCpuTimer</name>
         <value>0xcefb</value>
         <object_component_ref idref="oc-19d"/>
      </symbol>
      <symbol id="sm-734">
         <name>_ADC_cal</name>
         <value>0x380080</value>
         <object_component_ref idref="oc-fa"/>
      </symbol>
      <symbol id="sm-745">
         <name>_atan</name>
         <value>0xcf36</value>
         <object_component_ref idref="oc-18a"/>
      </symbol>
      <symbol id="sm-75c">
         <name>_atan2</name>
         <value>0xcb2a</value>
         <object_component_ref idref="oc-18e"/>
      </symbol>
      <symbol id="sm-766">
         <name>_atof</name>
         <value>0xd2ec</value>
         <object_component_ref idref="oc-194"/>
      </symbol>
      <symbol id="sm-777">
         <name>_atoi</name>
         <value>0xd105</value>
         <object_component_ref idref="oc-195"/>
      </symbol>
      <symbol id="sm-78b">
         <name>_c_int00</name>
         <value>0xd0bf</value>
         <object_component_ref idref="oc-4b"/>
      </symbol>
      <symbol id="sm-78c">
         <name>__stack</name>
         <value>0x0</value>
         <object_component_ref idref="oc-10e"/>
      </symbol>
      <symbol id="sm-798">
         <name>_cos</name>
         <value>0xcfa5</value>
         <object_component_ref idref="oc-18c"/>
      </symbol>
      <symbol id="sm-7a0">
         <name>__ctypes_</name>
         <value>0xde1c</value>
         <object_component_ref idref="oc-1a4"/>
      </symbol>
      <symbol id="sm-7aa">
         <name>_errno</name>
         <value>0xfb7e</value>
         <object_component_ref idref="oc-11b"/>
      </symbol>
      <symbol id="sm-7bb">
         <name>C$$EXIT</name>
         <value>0xd279</value>
         <object_component_ref idref="oc-17a"/>
      </symbol>
      <symbol id="sm-7bc">
         <name>_exit</name>
         <value>0xd27b</value>
         <object_component_ref idref="oc-17a"/>
      </symbol>
      <symbol id="sm-7bd">
         <name>___TI_cleanup_ptr</name>
         <value>0xfc74</value>
         <object_component_ref idref="oc-11f"/>
      </symbol>
      <symbol id="sm-7be">
         <name>_abort</name>
         <value>0xd279</value>
         <object_component_ref idref="oc-17a"/>
      </symbol>
      <symbol id="sm-7bf">
         <name>___TI_dtors_ptr</name>
         <value>0xfc76</value>
         <object_component_ref idref="oc-11f"/>
      </symbol>
      <symbol id="sm-7d6">
         <name>FD$$ADD</name>
         <value>0xcbee</value>
         <object_component_ref idref="oc-123"/>
      </symbol>
      <symbol id="sm-7e9">
         <name>FD$$DIV</name>
         <value>0xcd24</value>
         <object_component_ref idref="oc-127"/>
      </symbol>
      <symbol id="sm-7f7">
         <name>FD$$MPY</name>
         <value>0xce37</value>
         <object_component_ref idref="oc-12b"/>
      </symbol>
      <symbol id="sm-7ff">
         <name>FD$$SUB</name>
         <value>0xd2bc</value>
         <object_component_ref idref="oc-12f"/>
      </symbol>
      <symbol id="sm-80b">
         <name>FD$$TOFS</name>
         <value>0xd15e</value>
         <object_component_ref idref="oc-133"/>
      </symbol>
      <symbol id="sm-816">
         <name>FD$$TOL</name>
         <value>0xd208</value>
         <object_component_ref idref="oc-137"/>
      </symbol>
      <symbol id="sm-823">
         <name>_frexp</name>
         <value>0xd292</value>
         <object_component_ref idref="oc-1a1"/>
      </symbol>
      <symbol id="sm-830">
         <name>FS$$DIV</name>
         <value>0xcdaf</value>
         <object_component_ref idref="oc-13f"/>
      </symbol>
      <symbol id="sm-83c">
         <name>FS$$TOFD</name>
         <value>0xd244</value>
         <object_component_ref idref="oc-143"/>
      </symbol>
      <symbol id="sm-846">
         <name>I$$MOD</name>
         <value>0xd1b6</value>
         <object_component_ref idref="oc-147"/>
      </symbol>
      <symbol id="sm-847">
         <name>I$$DIV</name>
         <value>0xd1a5</value>
         <object_component_ref idref="oc-147"/>
      </symbol>
      <symbol id="sm-853">
         <name>I$$TOFD</name>
         <value>0xd227</value>
         <object_component_ref idref="oc-14b"/>
      </symbol>
      <symbol id="sm-85b">
         <name>LL$$MPY</name>
         <value>0xd2a8</value>
         <object_component_ref idref="oc-14f"/>
      </symbol>
      <symbol id="sm-86a">
         <name>___memcpy_ff</name>
         <value>0xd1c7</value>
         <object_component_ref idref="oc-192"/>
      </symbol>
      <symbol id="sm-875">
         <name>_sin</name>
         <value>0xd067</value>
         <object_component_ref idref="oc-18d"/>
      </symbol>
      <symbol id="sm-883">
         <name>_sqrt</name>
         <value>0xd182</value>
         <object_component_ref idref="oc-18b"/>
      </symbol>
      <symbol id="sm-88f">
         <name>_strcmp</name>
         <value>0xd2d5</value>
         <object_component_ref idref="oc-193"/>
      </symbol>
      <symbol id="sm-8be">
         <name>_strtod</name>
         <value>0xc81c</value>
         <object_component_ref idref="oc-1a3"/>
      </symbol>
      <symbol id="sm-8cb">
         <name>_tan</name>
         <value>0xd006</value>
         <object_component_ref idref="oc-18f"/>
      </symbol>
      <symbol id="sm-8d3">
         <name>U$$MOD</name>
         <value>0xd2cf</value>
         <object_component_ref idref="oc-16b"/>
      </symbol>
      <symbol id="sm-8d4">
         <name>U$$DIV</name>
         <value>0xd2ca</value>
         <object_component_ref idref="oc-16b"/>
      </symbol>
      <symbol id="sm-8e2">
         <name>__unlock</name>
         <value>0xfb7a</value>
         <object_component_ref idref="oc-171"/>
      </symbol>
      <symbol id="sm-8e3">
         <name>__lock</name>
         <value>0xfb7c</value>
         <object_component_ref idref="oc-171"/>
      </symbol>
      <symbol id="sm-8e4">
         <name>__register_lock</name>
         <value>0xd2e3</value>
         <object_component_ref idref="oc-182"/>
      </symbol>
      <symbol id="sm-8e5">
         <name>__nop</name>
         <value>0xd2e7</value>
         <object_component_ref idref="oc-182"/>
      </symbol>
      <symbol id="sm-8e6">
         <name>__register_unlock</name>
         <value>0xd2df</value>
         <object_component_ref idref="oc-182"/>
      </symbol>
      <symbol id="sm-8f2">
         <name>__args_main</name>
         <value>0xd260</value>
         <object_component_ref idref="oc-179"/>
      </symbol>
      <symbol id="sm-8f3">
         <name>__TI_args_main</name>
         <value>0x1</value>
      </symbol>
   </symbol_table>
   <title>Link successful</title>
</link_info>
