<?xml version="1.0"?>
<link_info>
   <banner>TMS320C2000 Linker PC v6.2.5</banner>
   <copyright>Copyright (c) 1996-2014 Texas Instruments Incorporated</copyright>
   <link_time>0x58e71be5</link_time>
   <link_errors>0x0</link_errors>
   <output_file>Quadrotor_S1000_Final1_5.out</output_file>
   <entry_point>
      <name>_c_int00</name>
      <address>0xd58f</address>
   </entry_point>
   <input_file_list>
      <input_file id="fl-2">
         <path>.\src\</path>
         <kind>object</kind>
         <file>trajectory.obj</file>
         <name>trajectory.obj</name>
      </input_file>
      <input_file id="fl-3">
         <path>.\src\</path>
         <kind>object</kind>
         <file>message.obj</file>
         <name>message.obj</name>
      </input_file>
      <input_file id="fl-4">
         <path>.\src\</path>
         <kind>object</kind>
         <file>mathex.obj</file>
         <name>mathex.obj</name>
      </input_file>
      <input_file id="fl-5">
         <path>.\src\</path>
         <kind>object</kind>
         <file>formation.obj</file>
         <name>formation.obj</name>
      </input_file>
      <input_file id="fl-6">
         <path>.\src\</path>
         <kind>object</kind>
         <file>flightFSM.obj</file>
         <name>flightFSM.obj</name>
      </input_file>
      <input_file id="fl-7">
         <path>.\src\</path>
         <kind>object</kind>
         <file>filter.obj</file>
         <name>filter.obj</name>
      </input_file>
      <input_file id="fl-8">
         <path>.\src\</path>
         <kind>object</kind>
         <file>decentralized.obj</file>
         <name>decentralized.obj</name>
      </input_file>
      <input_file id="fl-9">
         <path>.\src\</path>
         <kind>object</kind>
         <file>constants.obj</file>
         <name>constants.obj</name>
      </input_file>
      <input_file id="fl-a">
         <path>.\src\</path>
         <kind>object</kind>
         <file>Quadrotor.obj</file>
         <name>Quadrotor.obj</name>
      </input_file>
      <input_file id="fl-b">
         <path>.\src\</path>
         <kind>object</kind>
         <file>MS5803-01BA.obj</file>
         <name>MS5803-01BA.obj</name>
      </input_file>
      <input_file id="fl-c">
         <path>.\src\</path>
         <kind>object</kind>
         <file>Hal.obj</file>
         <name>Hal.obj</name>
      </input_file>
      <input_file id="fl-d">
         <path>.\src\</path>
         <kind>object</kind>
         <file>HMC5983.obj</file>
         <name>HMC5983.obj</name>
      </input_file>
      <input_file id="fl-e">
         <path>.\src\</path>
         <kind>object</kind>
         <file>Fml.obj</file>
         <name>Fml.obj</name>
      </input_file>
      <input_file id="fl-f">
         <path>.\src\</path>
         <kind>object</kind>
         <file>DSP2833x_usDelay.obj</file>
         <name>DSP2833x_usDelay.obj</name>
      </input_file>
      <input_file id="fl-10">
         <path>.\src\</path>
         <kind>object</kind>
         <file>DSP2833x_Xintf.obj</file>
         <name>DSP2833x_Xintf.obj</name>
      </input_file>
      <input_file id="fl-11">
         <path>.\src\</path>
         <kind>object</kind>
         <file>DSP2833x_SysCtrl.obj</file>
         <name>DSP2833x_SysCtrl.obj</name>
      </input_file>
      <input_file id="fl-12">
         <path>.\src\</path>
         <kind>object</kind>
         <file>DSP2833x_PieVect.obj</file>
         <name>DSP2833x_PieVect.obj</name>
      </input_file>
      <input_file id="fl-13">
         <path>.\src\</path>
         <kind>object</kind>
         <file>DSP2833x_PieCtrl.obj</file>
         <name>DSP2833x_PieCtrl.obj</name>
      </input_file>
      <input_file id="fl-14">
         <path>.\src\</path>
         <kind>object</kind>
         <file>DSP2833x_I2C.obj</file>
         <name>DSP2833x_I2C.obj</name>
      </input_file>
      <input_file id="fl-15">
         <path>.\src\</path>
         <kind>object</kind>
         <file>DSP2833x_GlobalVariableDefs.obj</file>
         <name>DSP2833x_GlobalVariableDefs.obj</name>
      </input_file>
      <input_file id="fl-16">
         <path>.\src\</path>
         <kind>object</kind>
         <file>DSP2833x_DefaultIsr.obj</file>
         <name>DSP2833x_DefaultIsr.obj</name>
      </input_file>
      <input_file id="fl-17">
         <path>.\src\</path>
         <kind>object</kind>
         <file>DSP2833x_CpuTimers.obj</file>
         <name>DSP2833x_CpuTimers.obj</name>
      </input_file>
      <input_file id="fl-18">
         <path>.\src\</path>
         <kind>object</kind>
         <file>DSP2833x_CodeStartBranch.obj</file>
         <name>DSP2833x_CodeStartBranch.obj</name>
      </input_file>
      <input_file id="fl-19">
         <path>.\src\</path>
         <kind>object</kind>
         <file>DSP2833x_ADC_cal.obj</file>
         <name>DSP2833x_ADC_cal.obj</name>
      </input_file>
      <input_file id="fl-1e">
         <path>c:\ti\ccsv6\tools\compiler\c2000_6.2.5\lib\</path>
         <kind>archive</kind>
         <file>rts2800_fpu32.lib</file>
         <name>atan.obj</name>
      </input_file>
      <input_file id="fl-1f">
         <path>c:\ti\ccsv6\tools\compiler\c2000_6.2.5\lib\</path>
         <kind>archive</kind>
         <file>rts2800_fpu32.lib</file>
         <name>atan2.obj</name>
      </input_file>
      <input_file id="fl-20">
         <path>c:\ti\ccsv6\tools\compiler\c2000_6.2.5\lib\</path>
         <kind>archive</kind>
         <file>rts2800_fpu32.lib</file>
         <name>atof.obj</name>
      </input_file>
      <input_file id="fl-21">
         <path>c:\ti\ccsv6\tools\compiler\c2000_6.2.5\lib\</path>
         <kind>archive</kind>
         <file>rts2800_fpu32.lib</file>
         <name>atoi.obj</name>
      </input_file>
      <input_file id="fl-22">
         <path>c:\ti\ccsv6\tools\compiler\c2000_6.2.5\lib\</path>
         <kind>archive</kind>
         <file>rts2800_fpu32.lib</file>
         <name>boot.obj</name>
      </input_file>
      <input_file id="fl-23">
         <path>c:\ti\ccsv6\tools\compiler\c2000_6.2.5\lib\</path>
         <kind>archive</kind>
         <file>rts2800_fpu32.lib</file>
         <name>cos.obj</name>
      </input_file>
      <input_file id="fl-24">
         <path>c:\ti\ccsv6\tools\compiler\c2000_6.2.5\lib\</path>
         <kind>archive</kind>
         <file>rts2800_fpu32.lib</file>
         <name>ctype.obj</name>
      </input_file>
      <input_file id="fl-25">
         <path>c:\ti\ccsv6\tools\compiler\c2000_6.2.5\lib\</path>
         <kind>archive</kind>
         <file>rts2800_fpu32.lib</file>
         <name>errno.obj</name>
      </input_file>
      <input_file id="fl-26">
         <path>c:\ti\ccsv6\tools\compiler\c2000_6.2.5\lib\</path>
         <kind>archive</kind>
         <file>rts2800_fpu32.lib</file>
         <name>exit.obj</name>
      </input_file>
      <input_file id="fl-27">
         <path>c:\ti\ccsv6\tools\compiler\c2000_6.2.5\lib\</path>
         <kind>archive</kind>
         <file>rts2800_fpu32.lib</file>
         <name>fd_add.obj</name>
      </input_file>
      <input_file id="fl-28">
         <path>c:\ti\ccsv6\tools\compiler\c2000_6.2.5\lib\</path>
         <kind>archive</kind>
         <file>rts2800_fpu32.lib</file>
         <name>fd_div.obj</name>
      </input_file>
      <input_file id="fl-29">
         <path>c:\ti\ccsv6\tools\compiler\c2000_6.2.5\lib\</path>
         <kind>archive</kind>
         <file>rts2800_fpu32.lib</file>
         <name>fd_mpy.obj</name>
      </input_file>
      <input_file id="fl-2a">
         <path>c:\ti\ccsv6\tools\compiler\c2000_6.2.5\lib\</path>
         <kind>archive</kind>
         <file>rts2800_fpu32.lib</file>
         <name>fd_sub.obj</name>
      </input_file>
      <input_file id="fl-2b">
         <path>c:\ti\ccsv6\tools\compiler\c2000_6.2.5\lib\</path>
         <kind>archive</kind>
         <file>rts2800_fpu32.lib</file>
         <name>fd_tofs.obj</name>
      </input_file>
      <input_file id="fl-2c">
         <path>c:\ti\ccsv6\tools\compiler\c2000_6.2.5\lib\</path>
         <kind>archive</kind>
         <file>rts2800_fpu32.lib</file>
         <name>fd_tol.obj</name>
      </input_file>
      <input_file id="fl-2d">
         <path>c:\ti\ccsv6\tools\compiler\c2000_6.2.5\lib\</path>
         <kind>archive</kind>
         <file>rts2800_fpu32.lib</file>
         <name>frexp.obj</name>
      </input_file>
      <input_file id="fl-2e">
         <path>c:\ti\ccsv6\tools\compiler\c2000_6.2.5\lib\</path>
         <kind>archive</kind>
         <file>rts2800_fpu32.lib</file>
         <name>fs_div.obj</name>
      </input_file>
      <input_file id="fl-2f">
         <path>c:\ti\ccsv6\tools\compiler\c2000_6.2.5\lib\</path>
         <kind>archive</kind>
         <file>rts2800_fpu32.lib</file>
         <name>fs_tofd.obj</name>
      </input_file>
      <input_file id="fl-30">
         <path>c:\ti\ccsv6\tools\compiler\c2000_6.2.5\lib\</path>
         <kind>archive</kind>
         <file>rts2800_fpu32.lib</file>
         <name>i_div.obj</name>
      </input_file>
      <input_file id="fl-31">
         <path>c:\ti\ccsv6\tools\compiler\c2000_6.2.5\lib\</path>
         <kind>archive</kind>
         <file>rts2800_fpu32.lib</file>
         <name>i_tofd.obj</name>
      </input_file>
      <input_file id="fl-32">
         <path>c:\ti\ccsv6\tools\compiler\c2000_6.2.5\lib\</path>
         <kind>archive</kind>
         <file>rts2800_fpu32.lib</file>
         <name>ll_mpy.obj</name>
      </input_file>
      <input_file id="fl-33">
         <path>c:\ti\ccsv6\tools\compiler\c2000_6.2.5\lib\</path>
         <kind>archive</kind>
         <file>rts2800_fpu32.lib</file>
         <name>memcpy_ff.obj</name>
      </input_file>
      <input_file id="fl-34">
         <path>c:\ti\ccsv6\tools\compiler\c2000_6.2.5\lib\</path>
         <kind>archive</kind>
         <file>rts2800_fpu32.lib</file>
         <name>sin.obj</name>
      </input_file>
      <input_file id="fl-35">
         <path>c:\ti\ccsv6\tools\compiler\c2000_6.2.5\lib\</path>
         <kind>archive</kind>
         <file>rts2800_fpu32.lib</file>
         <name>sqrt.obj</name>
      </input_file>
      <input_file id="fl-36">
         <path>c:\ti\ccsv6\tools\compiler\c2000_6.2.5\lib\</path>
         <kind>archive</kind>
         <file>rts2800_fpu32.lib</file>
         <name>strcmp.obj</name>
      </input_file>
      <input_file id="fl-37">
         <path>c:\ti\ccsv6\tools\compiler\c2000_6.2.5\lib\</path>
         <kind>archive</kind>
         <file>rts2800_fpu32.lib</file>
         <name>strtod.obj</name>
      </input_file>
      <input_file id="fl-38">
         <path>c:\ti\ccsv6\tools\compiler\c2000_6.2.5\lib\</path>
         <kind>archive</kind>
         <file>rts2800_fpu32.lib</file>
         <name>tan.obj</name>
      </input_file>
      <input_file id="fl-39">
         <path>c:\ti\ccsv6\tools\compiler\c2000_6.2.5\lib\</path>
         <kind>archive</kind>
         <file>rts2800_fpu32.lib</file>
         <name>_lock.obj</name>
      </input_file>
      <input_file id="fl-3a">
         <path>c:\ti\ccsv6\tools\compiler\c2000_6.2.5\lib\</path>
         <kind>archive</kind>
         <file>rts2800_fpu32.lib</file>
         <name>args_main.obj</name>
      </input_file>
   </input_file_list>
   <object_component_list>
      <object_component id="oc-ef">
         <name>codestart</name>
         <load_address>0x0</load_address>
         <run_address>0x0</run_address>
         <size>0x2</size>
         <input_file_ref idref="fl-18"/>
      </object_component>
      <object_component id="oc-98">
         <name>ramfuncs</name>
         <load_address>0xe2b1</load_address>
         <run_address>0xe2b1</run_address>
         <size>0x4</size>
         <input_file_ref idref="fl-f"/>
      </object_component>
      <object_component id="oc-170">
         <name>.text</name>
         <load_address>0x8000</load_address>
         <run_address>0x8000</run_address>
         <size>0x2456</size>
         <input_file_ref idref="fl-e"/>
      </object_component>
      <object_component id="oc-176">
         <name>.text</name>
         <load_address>0xa456</load_address>
         <run_address>0xa456</run_address>
         <size>0xa65</size>
         <input_file_ref idref="fl-2"/>
      </object_component>
      <object_component id="oc-190">
         <name>.text</name>
         <load_address>0xaebb</load_address>
         <run_address>0xaebb</run_address>
         <size>0x604</size>
         <input_file_ref idref="fl-7"/>
      </object_component>
      <object_component id="oc-179">
         <name>.text</name>
         <load_address>0xb4bf</load_address>
         <run_address>0xb4bf</run_address>
         <size>0x528</size>
         <input_file_ref idref="fl-c"/>
      </object_component>
      <object_component id="oc-77">
         <name>.text:retain</name>
         <load_address>0xb9e7</load_address>
         <run_address>0xb9e7</run_address>
         <size>0x519</size>
         <input_file_ref idref="fl-a"/>
      </object_component>
      <object_component id="oc-93">
         <name>.text:retain</name>
         <load_address>0xbf00</load_address>
         <run_address>0xbf00</run_address>
         <size>0x369</size>
         <input_file_ref idref="fl-e"/>
      </object_component>
      <object_component id="oc-173">
         <name>.text</name>
         <load_address>0xc269</load_address>
         <run_address>0xc269</run_address>
         <size>0x346</size>
         <input_file_ref idref="fl-8"/>
      </object_component>
      <object_component id="oc-e5">
         <name>.text:retain</name>
         <load_address>0xc5af</load_address>
         <run_address>0xc5af</run_address>
         <size>0x323</size>
         <input_file_ref idref="fl-16"/>
      </object_component>
      <object_component id="oc-174">
         <name>.text</name>
         <load_address>0xc8d2</load_address>
         <run_address>0xc8d2</run_address>
         <size>0x243</size>
         <input_file_ref idref="fl-d"/>
      </object_component>
      <object_component id="oc-198">
         <name>.text</name>
         <load_address>0xcb15</load_address>
         <run_address>0xcb15</run_address>
         <size>0x123</size>
         <input_file_ref idref="fl-37"/>
      </object_component>
      <object_component id="oc-191">
         <name>.text</name>
         <load_address>0xcc38</load_address>
         <run_address>0xcc38</run_address>
         <size>0x112</size>
         <input_file_ref idref="fl-11"/>
      </object_component>
      <object_component id="oc-171">
         <name>.text</name>
         <load_address>0xcd4a</load_address>
         <run_address>0xcd4a</run_address>
         <size>0x103</size>
         <input_file_ref idref="fl-3"/>
      </object_component>
      <object_component id="oc-172">
         <name>.text</name>
         <load_address>0xce4d</load_address>
         <run_address>0xce4d</run_address>
         <size>0xdc</size>
         <input_file_ref idref="fl-5"/>
      </object_component>
      <object_component id="oc-175">
         <name>.text</name>
         <load_address>0xcf29</load_address>
         <run_address>0xcf29</run_address>
         <size>0xd9</size>
         <input_file_ref idref="fl-4"/>
      </object_component>
      <object_component id="oc-182">
         <name>.text</name>
         <load_address>0xd002</load_address>
         <run_address>0xd002</run_address>
         <size>0xc4</size>
         <input_file_ref idref="fl-1f"/>
      </object_component>
      <object_component id="oc-11c">
         <name>.text</name>
         <load_address>0xd0c6</load_address>
         <run_address>0xd0c6</run_address>
         <size>0x9c</size>
         <input_file_ref idref="fl-27"/>
      </object_component>
      <object_component id="oc-178">
         <name>.text</name>
         <load_address>0xd162</load_address>
         <run_address>0xd162</run_address>
         <size>0x92</size>
         <input_file_ref idref="fl-a"/>
      </object_component>
      <object_component id="oc-120">
         <name>.text</name>
         <load_address>0xd1f4</load_address>
         <run_address>0xd1f4</run_address>
         <size>0x8b</size>
         <input_file_ref idref="fl-28"/>
      </object_component>
      <object_component id="oc-138">
         <name>.text</name>
         <load_address>0xd27f</load_address>
         <run_address>0xd27f</run_address>
         <size>0x88</size>
         <input_file_ref idref="fl-2e"/>
      </object_component>
      <object_component id="oc-124">
         <name>.text</name>
         <load_address>0xd307</load_address>
         <run_address>0xd307</run_address>
         <size>0x83</size>
         <input_file_ref idref="fl-29"/>
      </object_component>
      <object_component id="oc-194">
         <name>.text</name>
         <load_address>0xd38a</load_address>
         <run_address>0xd38a</run_address>
         <size>0x7c</size>
         <input_file_ref idref="fl-17"/>
      </object_component>
      <object_component id="oc-17e">
         <name>.text</name>
         <load_address>0xd406</load_address>
         <run_address>0xd406</run_address>
         <size>0x6f</size>
         <input_file_ref idref="fl-1e"/>
      </object_component>
      <object_component id="oc-180">
         <name>.text</name>
         <load_address>0xd475</load_address>
         <run_address>0xd475</run_address>
         <size>0x61</size>
         <input_file_ref idref="fl-23"/>
      </object_component>
      <object_component id="oc-183">
         <name>.text</name>
         <load_address>0xd4d6</load_address>
         <run_address>0xd4d6</run_address>
         <size>0x61</size>
         <input_file_ref idref="fl-38"/>
      </object_component>
      <object_component id="oc-181">
         <name>.text</name>
         <load_address>0xd537</load_address>
         <run_address>0xd537</run_address>
         <size>0x58</size>
         <input_file_ref idref="fl-34"/>
      </object_component>
      <object_component id="oc-47">
         <name>.text</name>
         <load_address>0xd58f</load_address>
         <run_address>0xd58f</run_address>
         <size>0x46</size>
         <input_file_ref idref="fl-22"/>
      </object_component>
      <object_component id="oc-189">
         <name>.text</name>
         <load_address>0xd5d5</load_address>
         <run_address>0xd5d5</run_address>
         <size>0x31</size>
         <input_file_ref idref="fl-21"/>
      </object_component>
      <object_component id="oc-192">
         <name>.text</name>
         <load_address>0xd606</load_address>
         <run_address>0xd606</run_address>
         <size>0x28</size>
         <input_file_ref idref="fl-13"/>
      </object_component>
      <object_component id="oc-12c">
         <name>.text</name>
         <load_address>0xd62e</load_address>
         <run_address>0xd62e</run_address>
         <size>0x23</size>
         <input_file_ref idref="fl-2b"/>
      </object_component>
      <object_component id="oc-17f">
         <name>.text</name>
         <load_address>0xd652</load_address>
         <run_address>0xd652</run_address>
         <size>0x23</size>
         <input_file_ref idref="fl-35"/>
      </object_component>
      <object_component id="oc-140">
         <name>.text</name>
         <load_address>0xd675</load_address>
         <run_address>0xd675</run_address>
         <size>0x22</size>
         <input_file_ref idref="fl-30"/>
      </object_component>
      <object_component id="oc-186">
         <name>.text</name>
         <load_address>0xd697</load_address>
         <run_address>0xd697</run_address>
         <size>0x21</size>
         <input_file_ref idref="fl-33"/>
      </object_component>
      <object_component id="oc-193">
         <name>.text</name>
         <load_address>0xd6b8</load_address>
         <run_address>0xd6b8</run_address>
         <size>0x20</size>
         <input_file_ref idref="fl-12"/>
      </object_component>
      <object_component id="oc-130">
         <name>.text</name>
         <load_address>0xd6d8</load_address>
         <run_address>0xd6d8</run_address>
         <size>0x1f</size>
         <input_file_ref idref="fl-2c"/>
      </object_component>
      <object_component id="oc-144">
         <name>.text</name>
         <load_address>0xd6f7</load_address>
         <run_address>0xd6f7</run_address>
         <size>0x1d</size>
         <input_file_ref idref="fl-31"/>
      </object_component>
      <object_component id="oc-13c">
         <name>.text</name>
         <load_address>0xd714</load_address>
         <run_address>0xd714</run_address>
         <size>0x1c</size>
         <input_file_ref idref="fl-2f"/>
      </object_component>
      <object_component id="oc-16e">
         <name>.text</name>
         <load_address>0xd730</load_address>
         <run_address>0xd730</run_address>
         <size>0x19</size>
         <input_file_ref idref="fl-3a"/>
      </object_component>
      <object_component id="oc-16f">
         <name>.text</name>
         <load_address>0xd749</load_address>
         <run_address>0xd749</run_address>
         <size>0x19</size>
         <input_file_ref idref="fl-26"/>
      </object_component>
      <object_component id="oc-196">
         <name>.text</name>
         <load_address>0xd762</load_address>
         <run_address>0xd762</run_address>
         <size>0x16</size>
         <input_file_ref idref="fl-2d"/>
      </object_component>
      <object_component id="oc-148">
         <name>.text</name>
         <load_address>0xd778</load_address>
         <run_address>0xd778</run_address>
         <size>0x14</size>
         <input_file_ref idref="fl-32"/>
      </object_component>
      <object_component id="oc-128">
         <name>.text</name>
         <load_address>0xd78c</load_address>
         <run_address>0xd78c</run_address>
         <size>0xe</size>
         <input_file_ref idref="fl-2a"/>
      </object_component>
      <object_component id="oc-187">
         <name>.text</name>
         <load_address>0xd79a</load_address>
         <run_address>0xd79a</run_address>
         <size>0xa</size>
         <input_file_ref idref="fl-36"/>
      </object_component>
      <object_component id="oc-177">
         <name>.text</name>
         <load_address>0xd7a4</load_address>
         <run_address>0xd7a4</run_address>
         <size>0x9</size>
         <input_file_ref idref="fl-39"/>
      </object_component>
      <object_component id="oc-ee">
         <name>.text</name>
         <load_address>0xd7ad</load_address>
         <run_address>0xd7ad</run_address>
         <size>0x8</size>
         <input_file_ref idref="fl-18"/>
      </object_component>
      <object_component id="oc-188">
         <name>.text</name>
         <load_address>0xd7b5</load_address>
         <run_address>0xd7b5</run_address>
         <size>0x4</size>
         <input_file_ref idref="fl-20"/>
      </object_component>
      <object_component id="oc-8f">
         <name>.cinit</name>
         <load_address>0xd7b9</load_address>
         <run_address>0xd7b9</run_address>
         <size>0x45f</size>
         <input_file_ref idref="fl-e"/>
      </object_component>
      <object_component id="oc-74">
         <name>.cinit</name>
         <load_address>0xdc18</load_address>
         <run_address>0xdc18</run_address>
         <size>0x369</size>
         <input_file_ref idref="fl-a"/>
      </object_component>
      <object_component id="oc-64">
         <name>.cinit</name>
         <load_address>0xdf81</load_address>
         <run_address>0xdf81</run_address>
         <size>0xfc</size>
         <input_file_ref idref="fl-7"/>
      </object_component>
      <object_component id="oc-49">
         <name>.cinit</name>
         <load_address>0xe07d</load_address>
         <run_address>0xe07d</run_address>
         <size>0xc8</size>
         <input_file_ref idref="fl-2"/>
      </object_component>
      <object_component id="oc-6b">
         <name>.cinit</name>
         <load_address>0xe145</load_address>
         <run_address>0xe145</run_address>
         <size>0xbc</size>
         <input_file_ref idref="fl-8"/>
      </object_component>
      <object_component id="oc-7c">
         <name>.cinit</name>
         <load_address>0xe201</load_address>
         <run_address>0xe201</run_address>
         <size>0x46</size>
         <input_file_ref idref="fl-b"/>
      </object_component>
      <object_component id="oc-88">
         <name>.cinit</name>
         <load_address>0xe247</load_address>
         <run_address>0xe247</run_address>
         <size>0x21</size>
         <input_file_ref idref="fl-d"/>
      </object_component>
      <object_component id="oc-58">
         <name>.cinit</name>
         <load_address>0xe268</load_address>
         <run_address>0xe268</run_address>
         <size>0x1f</size>
         <input_file_ref idref="fl-5"/>
      </object_component>
      <object_component id="oc-165">
         <name>.cinit</name>
         <load_address>0xe287</load_address>
         <run_address>0xe287</run_address>
         <size>0xa</size>
         <input_file_ref idref="fl-39"/>
      </object_component>
      <object_component id="oc-117">
         <name>.cinit</name>
         <load_address>0xe291</load_address>
         <run_address>0xe291</run_address>
         <size>0xa</size>
         <input_file_ref idref="fl-26"/>
      </object_component>
      <object_component id="oc-82">
         <name>.cinit</name>
         <load_address>0xe29b</load_address>
         <run_address>0xe29b</run_address>
         <size>0x8</size>
         <input_file_ref idref="fl-c"/>
      </object_component>
      <object_component id="oc-5e">
         <name>.cinit</name>
         <load_address>0xe2a3</load_address>
         <run_address>0xe2a3</run_address>
         <size>0x8</size>
         <input_file_ref idref="fl-6"/>
      </object_component>
      <object_component id="oc-113">
         <name>.cinit</name>
         <load_address>0xe2ab</load_address>
         <run_address>0xe2ab</run_address>
         <size>0x4</size>
         <input_file_ref idref="fl-25"/>
      </object_component>
      <object_component id="oc-107">
         <name>.stack</name>
         <uninitialized>true</uninitialized>
         <run_address>0x400</run_address>
         <size>0x0</size>
         <input_file_ref idref="fl-22"/>
      </object_component>
      <object_component id="oc-1ec">
         <name>.stack</name>
         <uninitialized>true</uninitialized>
         <run_address>0x400</run_address>
         <size>0x0</size>
      </object_component>
      <object_component id="oc-4a">
         <name>.ebss</name>
         <uninitialized>true</uninitialized>
         <run_address>0xf880</run_address>
         <size>0x100</size>
         <input_file_ref idref="fl-2"/>
      </object_component>
      <object_component id="oc-59">
         <name>.ebss</name>
         <uninitialized>true</uninitialized>
         <run_address>0xfa28</run_address>
         <size>0x14</size>
         <input_file_ref idref="fl-5"/>
      </object_component>
      <object_component id="oc-5f">
         <name>.ebss</name>
         <uninitialized>true</uninitialized>
         <run_address>0xf87e</run_address>
         <size>0x2</size>
         <input_file_ref idref="fl-6"/>
      </object_component>
      <object_component id="oc-65">
         <name>.ebss</name>
         <uninitialized>true</uninitialized>
         <run_address>0xfa40</run_address>
         <size>0x7e</size>
         <input_file_ref idref="fl-7"/>
      </object_component>
      <object_component id="oc-6c">
         <name>.ebss</name>
         <uninitialized>true</uninitialized>
         <run_address>0xf980</run_address>
         <size>0x90</size>
         <input_file_ref idref="fl-8"/>
      </object_component>
      <object_component id="oc-75">
         <name>.ebss</name>
         <uninitialized>true</uninitialized>
         <run_address>0xf500</run_address>
         <size>0x35c</size>
         <input_file_ref idref="fl-a"/>
      </object_component>
      <object_component id="oc-7d">
         <name>.ebss</name>
         <uninitialized>true</uninitialized>
         <run_address>0xf85c</run_address>
         <size>0x1e</size>
         <input_file_ref idref="fl-b"/>
      </object_component>
      <object_component id="oc-83">
         <name>.ebss</name>
         <uninitialized>true</uninitialized>
         <run_address>0xface</run_address>
         <size>0x9</size>
         <input_file_ref idref="fl-c"/>
      </object_component>
      <object_component id="oc-8a">
         <name>.ebss</name>
         <uninitialized>true</uninitialized>
         <run_address>0xfac0</run_address>
         <size>0xe</size>
         <input_file_ref idref="fl-d"/>
      </object_component>
      <object_component id="oc-90">
         <name>.ebss</name>
         <uninitialized>true</uninitialized>
         <run_address>0xf000</run_address>
         <size>0x500</size>
         <input_file_ref idref="fl-e"/>
      </object_component>
      <object_component id="oc-ea">
         <name>.ebss</name>
         <uninitialized>true</uninitialized>
         <run_address>0xfa10</run_address>
         <size>0x18</size>
         <input_file_ref idref="fl-17"/>
      </object_component>
      <object_component id="oc-114">
         <name>.ebss</name>
         <uninitialized>true</uninitialized>
         <run_address>0xfabe</run_address>
         <size>0x1</size>
         <input_file_ref idref="fl-25"/>
      </object_component>
      <object_component id="oc-118">
         <name>.ebss</name>
         <uninitialized>true</uninitialized>
         <run_address>0xfa3c</run_address>
         <size>0x4</size>
         <input_file_ref idref="fl-26"/>
      </object_component>
      <object_component id="oc-166">
         <name>.ebss</name>
         <uninitialized>true</uninitialized>
         <run_address>0xf87a</run_address>
         <size>0x4</size>
         <input_file_ref idref="fl-39"/>
      </object_component>
      <object_component id="oc-199">
         <name>.econst:.string:__ctypes_</name>
         <load_address>0xfad8</load_address>
         <run_address>0xfad8</run_address>
         <size>0x101</size>
         <input_file_ref idref="fl-24"/>
      </object_component>
      <object_component id="oc-a5">
         <name>.econst</name>
         <load_address>0xfbda</load_address>
         <run_address>0xfbda</run_address>
         <size>0x100</size>
         <input_file_ref idref="fl-12"/>
      </object_component>
      <object_component id="oc-91">
         <name>.econst</name>
         <load_address>0xfcda</load_address>
         <run_address>0xfcda</run_address>
         <size>0x4c</size>
         <input_file_ref idref="fl-e"/>
      </object_component>
      <object_component id="oc-19c">
         <name>.econst:_digits</name>
         <load_address>0xfd26</load_address>
         <run_address>0xfd26</run_address>
         <size>0x14</size>
         <input_file_ref idref="fl-37"/>
      </object_component>
      <object_component id="oc-19d">
         <name>.econst:_powerof10</name>
         <load_address>0xfd3a</load_address>
         <run_address>0xfd3a</run_address>
         <size>0xc</size>
         <input_file_ref idref="fl-37"/>
      </object_component>
      <object_component id="oc-195">
         <name>.econst:_a$1</name>
         <load_address>0xfd46</load_address>
         <run_address>0xfd46</run_address>
         <size>0x8</size>
         <input_file_ref idref="fl-1e"/>
      </object_component>
      <object_component id="oc-197">
         <name>.econst:_a$1</name>
         <load_address>0xfd4e</load_address>
         <run_address>0xfd4e</run_address>
         <size>0x8</size>
         <input_file_ref idref="fl-1f"/>
      </object_component>
      <object_component id="oc-66">
         <name>.econst</name>
         <load_address>0xfd56</load_address>
         <run_address>0xfd56</run_address>
         <size>0x8</size>
         <input_file_ref idref="fl-7"/>
      </object_component>
      <object_component id="oc-94">
         <name>.econst:.string</name>
         <load_address>0xfd5e</load_address>
         <run_address>0xfd5e</run_address>
         <size>0x6</size>
         <input_file_ref idref="fl-e"/>
      </object_component>
      <object_component id="oc-76">
         <name>.econst</name>
         <load_address>0xfd64</load_address>
         <run_address>0xfd64</run_address>
         <size>0x6</size>
         <input_file_ref idref="fl-a"/>
      </object_component>
      <object_component id="oc-17b">
         <name>.econst:_B_acc</name>
         <load_address>0xfd6a</load_address>
         <run_address>0xfd6a</run_address>
         <size>0x6</size>
         <input_file_ref idref="fl-e"/>
      </object_component>
      <object_component id="oc-17d">
         <name>.econst:_B_gyro</name>
         <load_address>0xfd70</load_address>
         <run_address>0xfd70</run_address>
         <size>0x6</size>
         <input_file_ref idref="fl-e"/>
      </object_component>
      <object_component id="oc-17a">
         <name>.econst:_K_acc</name>
         <load_address>0xfd76</load_address>
         <run_address>0xfd76</run_address>
         <size>0x6</size>
         <input_file_ref idref="fl-e"/>
      </object_component>
      <object_component id="oc-17c">
         <name>.econst:_K_gyro</name>
         <load_address>0xfd7c</load_address>
         <run_address>0xfd7c</run_address>
         <size>0x6</size>
         <input_file_ref idref="fl-e"/>
      </object_component>
      <object_component id="oc-185">
         <name>.econst:_MAG_OFFSET</name>
         <load_address>0xfd82</load_address>
         <run_address>0xfd82</run_address>
         <size>0x6</size>
         <input_file_ref idref="fl-e"/>
      </object_component>
      <object_component id="oc-184">
         <name>.econst:_MAG_SCALE</name>
         <load_address>0xfd88</load_address>
         <run_address>0xfd88</run_address>
         <size>0x6</size>
         <input_file_ref idref="fl-e"/>
      </object_component>
      <object_component id="oc-18f">
         <name>.econst:_RC_ATT_SAT</name>
         <load_address>0xfd8e</load_address>
         <run_address>0xfd8e</run_address>
         <size>0x6</size>
         <input_file_ref idref="fl-e"/>
      </object_component>
      <object_component id="oc-18b">
         <name>.econst:_RCinputDZ</name>
         <load_address>0xfd94</load_address>
         <run_address>0xfd94</run_address>
         <size>0x6</size>
         <input_file_ref idref="fl-e"/>
      </object_component>
      <object_component id="oc-18e">
         <name>.econst:_T_model</name>
         <load_address>0xfd9a</load_address>
         <run_address>0xfd9a</run_address>
         <size>0x6</size>
         <input_file_ref idref="fl-e"/>
      </object_component>
      <object_component id="oc-18d">
         <name>.econst:_a_model</name>
         <load_address>0xfda0</load_address>
         <run_address>0xfda0</run_address>
         <size>0x6</size>
         <input_file_ref idref="fl-e"/>
      </object_component>
      <object_component id="oc-19b">
         <name>.econst:_kp</name>
         <load_address>0xfda6</load_address>
         <run_address>0xfda6</run_address>
         <size>0x6</size>
         <input_file_ref idref="fl-7"/>
      </object_component>
      <object_component id="oc-19a">
         <name>.econst:_kv</name>
         <load_address>0xfdac</load_address>
         <run_address>0xfdac</run_address>
         <size>0x6</size>
         <input_file_ref idref="fl-7"/>
      </object_component>
      <object_component id="oc-71">
         <name>.econst</name>
         <load_address>0xfdb2</load_address>
         <run_address>0xfdb2</run_address>
         <size>0x6</size>
         <input_file_ref idref="fl-9"/>
      </object_component>
      <object_component id="oc-18a">
         <name>.econst:_$P$T0$1</name>
         <load_address>0xfdb8</load_address>
         <run_address>0xfdb8</run_address>
         <size>0x4</size>
         <input_file_ref idref="fl-e"/>
      </object_component>
      <object_component id="oc-18c">
         <name>.econst:_KitoVel</name>
         <load_address>0xfdbc</load_address>
         <run_address>0xfdbc</run_address>
         <size>0x4</size>
         <input_file_ref idref="fl-e"/>
      </object_component>
      <object_component id="oc-4b">
         <name>.econst</name>
         <load_address>0xfdc0</load_address>
         <run_address>0xfdc0</run_address>
         <size>0x4</size>
         <input_file_ref idref="fl-2"/>
      </object_component>
      <object_component id="oc-89">
         <name>.econst</name>
         <load_address>0xfdc4</load_address>
         <run_address>0xfdc4</run_address>
         <size>0x3</size>
         <input_file_ref idref="fl-d"/>
      </object_component>
      <object_component id="oc-108">
         <name>.reset</name>
         <load_address>0x3fffc0</load_address>
         <run_address>0x3fffc0</run_address>
         <size>0x2</size>
         <input_file_ref idref="fl-22"/>
      </object_component>
      <object_component id="oc-f3">
         <name>.adc_cal</name>
         <load_address>0x380080</load_address>
         <run_address>0x380080</run_address>
         <size>0x7</size>
         <input_file_ref idref="fl-19"/>
      </object_component>
      <object_component id="oc-92">
         <name>SD_BUFFER</name>
         <uninitialized>true</uninitialized>
         <run_address>0xe800</run_address>
         <size>0x400</size>
         <input_file_ref idref="fl-e"/>
      </object_component>
      <object_component id="oc-e2">
         <name>PieVectTableFile</name>
         <uninitialized>true</uninitialized>
         <run_address>0xd00</run_address>
         <size>0x100</size>
         <input_file_ref idref="fl-15"/>
      </object_component>
      <object_component id="oc-de">
         <name>DevEmuRegsFile</name>
         <uninitialized>true</uninitialized>
         <run_address>0x880</run_address>
         <size>0xd0</size>
         <input_file_ref idref="fl-15"/>
      </object_component>
      <object_component id="oc-b4">
         <name>FlashRegsFile</name>
         <uninitialized>true</uninitialized>
         <run_address>0xa80</run_address>
         <size>0x8</size>
         <input_file_ref idref="fl-15"/>
      </object_component>
      <object_component id="oc-be">
         <name>CsmRegsFile</name>
         <uninitialized>true</uninitialized>
         <run_address>0xae0</run_address>
         <size>0x10</size>
         <input_file_ref idref="fl-15"/>
      </object_component>
      <object_component id="oc-bd">
         <name>AdcMirrorFile</name>
         <uninitialized>true</uninitialized>
         <run_address>0xb00</run_address>
         <size>0x10</size>
         <input_file_ref idref="fl-15"/>
      </object_component>
      <object_component id="oc-c1">
         <name>XintfRegsFile</name>
         <uninitialized>true</uninitialized>
         <run_address>0xb20</run_address>
         <size>0x1e</size>
         <input_file_ref idref="fl-15"/>
      </object_component>
      <object_component id="oc-b5">
         <name>CpuTimer0RegsFile</name>
         <uninitialized>true</uninitialized>
         <run_address>0xc00</run_address>
         <size>0x8</size>
         <input_file_ref idref="fl-15"/>
      </object_component>
      <object_component id="oc-b3">
         <name>CpuTimer1RegsFile</name>
         <uninitialized>true</uninitialized>
         <run_address>0xc08</run_address>
         <size>0x8</size>
         <input_file_ref idref="fl-15"/>
      </object_component>
      <object_component id="oc-b2">
         <name>CpuTimer2RegsFile</name>
         <uninitialized>true</uninitialized>
         <run_address>0xc10</run_address>
         <size>0x8</size>
         <input_file_ref idref="fl-15"/>
      </object_component>
      <object_component id="oc-bf">
         <name>PieCtrlRegsFile</name>
         <uninitialized>true</uninitialized>
         <run_address>0xce0</run_address>
         <size>0x1a</size>
         <input_file_ref idref="fl-15"/>
      </object_component>
      <object_component id="oc-df">
         <name>DmaRegsFile</name>
         <uninitialized>true</uninitialized>
         <run_address>0x1000</run_address>
         <size>0xe0</size>
         <input_file_ref idref="fl-15"/>
      </object_component>
      <object_component id="oc-d1">
         <name>McbspaRegsFile</name>
         <uninitialized>true</uninitialized>
         <run_address>0x5000</run_address>
         <size>0x25</size>
         <input_file_ref idref="fl-15"/>
      </object_component>
      <object_component id="oc-d2">
         <name>McbspbRegsFile</name>
         <uninitialized>true</uninitialized>
         <run_address>0x5040</run_address>
         <size>0x25</size>
         <input_file_ref idref="fl-15"/>
      </object_component>
      <object_component id="oc-d5">
         <name>ECanaRegsFile</name>
         <uninitialized>true</uninitialized>
         <run_address>0x6000</run_address>
         <size>0x34</size>
         <input_file_ref idref="fl-15"/>
      </object_component>
      <object_component id="oc-d8">
         <name>ECanaLAMRegsFile</name>
         <uninitialized>true</uninitialized>
         <run_address>0x6040</run_address>
         <size>0x40</size>
         <input_file_ref idref="fl-15"/>
      </object_component>
      <object_component id="oc-e1">
         <name>ECanaMboxesFile</name>
         <uninitialized>true</uninitialized>
         <run_address>0x6100</run_address>
         <size>0x100</size>
         <input_file_ref idref="fl-15"/>
      </object_component>
      <object_component id="oc-d9">
         <name>ECanaMOTSRegsFile</name>
         <uninitialized>true</uninitialized>
         <run_address>0x6080</run_address>
         <size>0x40</size>
         <input_file_ref idref="fl-15"/>
      </object_component>
      <object_component id="oc-d6">
         <name>ECanaMOTORegsFile</name>
         <uninitialized>true</uninitialized>
         <run_address>0x60c0</run_address>
         <size>0x40</size>
         <input_file_ref idref="fl-15"/>
      </object_component>
      <object_component id="oc-d4">
         <name>ECanbRegsFile</name>
         <uninitialized>true</uninitialized>
         <run_address>0x6200</run_address>
         <size>0x34</size>
         <input_file_ref idref="fl-15"/>
      </object_component>
      <object_component id="oc-dc">
         <name>ECanbLAMRegsFile</name>
         <uninitialized>true</uninitialized>
         <run_address>0x6240</run_address>
         <size>0x40</size>
         <input_file_ref idref="fl-15"/>
      </object_component>
      <object_component id="oc-e0">
         <name>ECanbMboxesFile</name>
         <uninitialized>true</uninitialized>
         <run_address>0x6300</run_address>
         <size>0x100</size>
         <input_file_ref idref="fl-15"/>
      </object_component>
      <object_component id="oc-d7">
         <name>ECanbMOTSRegsFile</name>
         <uninitialized>true</uninitialized>
         <run_address>0x6280</run_address>
         <size>0x40</size>
         <input_file_ref idref="fl-15"/>
      </object_component>
      <object_component id="oc-da">
         <name>ECanbMOTORegsFile</name>
         <uninitialized>true</uninitialized>
         <run_address>0x62c0</run_address>
         <size>0x40</size>
         <input_file_ref idref="fl-15"/>
      </object_component>
      <object_component id="oc-cc">
         <name>EPwm1RegsFile</name>
         <uninitialized>true</uninitialized>
         <run_address>0x6800</run_address>
         <size>0x22</size>
         <input_file_ref idref="fl-15"/>
      </object_component>
      <object_component id="oc-cb">
         <name>EPwm2RegsFile</name>
         <uninitialized>true</uninitialized>
         <run_address>0x6840</run_address>
         <size>0x22</size>
         <input_file_ref idref="fl-15"/>
      </object_component>
      <object_component id="oc-cd">
         <name>EPwm3RegsFile</name>
         <uninitialized>true</uninitialized>
         <run_address>0x6880</run_address>
         <size>0x22</size>
         <input_file_ref idref="fl-15"/>
      </object_component>
      <object_component id="oc-cf">
         <name>EPwm4RegsFile</name>
         <uninitialized>true</uninitialized>
         <run_address>0x68c0</run_address>
         <size>0x22</size>
         <input_file_ref idref="fl-15"/>
      </object_component>
      <object_component id="oc-ce">
         <name>EPwm5RegsFile</name>
         <uninitialized>true</uninitialized>
         <run_address>0x6900</run_address>
         <size>0x22</size>
         <input_file_ref idref="fl-15"/>
      </object_component>
      <object_component id="oc-d0">
         <name>EPwm6RegsFile</name>
         <uninitialized>true</uninitialized>
         <run_address>0x6940</run_address>
         <size>0x22</size>
         <input_file_ref idref="fl-15"/>
      </object_component>
      <object_component id="oc-c8">
         <name>ECap1RegsFile</name>
         <uninitialized>true</uninitialized>
         <run_address>0x6a00</run_address>
         <size>0x20</size>
         <input_file_ref idref="fl-15"/>
      </object_component>
      <object_component id="oc-c4">
         <name>ECap2RegsFile</name>
         <uninitialized>true</uninitialized>
         <run_address>0x6a20</run_address>
         <size>0x20</size>
         <input_file_ref idref="fl-15"/>
      </object_component>
      <object_component id="oc-c5">
         <name>ECap3RegsFile</name>
         <uninitialized>true</uninitialized>
         <run_address>0x6a40</run_address>
         <size>0x20</size>
         <input_file_ref idref="fl-15"/>
      </object_component>
      <object_component id="oc-c2">
         <name>ECap4RegsFile</name>
         <uninitialized>true</uninitialized>
         <run_address>0x6a60</run_address>
         <size>0x20</size>
         <input_file_ref idref="fl-15"/>
      </object_component>
      <object_component id="oc-c3">
         <name>ECap5RegsFile</name>
         <uninitialized>true</uninitialized>
         <run_address>0x6a80</run_address>
         <size>0x20</size>
         <input_file_ref idref="fl-15"/>
      </object_component>
      <object_component id="oc-c9">
         <name>ECap6RegsFile</name>
         <uninitialized>true</uninitialized>
         <run_address>0x6aa0</run_address>
         <size>0x20</size>
         <input_file_ref idref="fl-15"/>
      </object_component>
      <object_component id="oc-dd">
         <name>EQep1RegsFile</name>
         <uninitialized>true</uninitialized>
         <run_address>0x6b00</run_address>
         <size>0x40</size>
         <input_file_ref idref="fl-15"/>
      </object_component>
      <object_component id="oc-db">
         <name>EQep2RegsFile</name>
         <uninitialized>true</uninitialized>
         <run_address>0x6b40</run_address>
         <size>0x40</size>
         <input_file_ref idref="fl-15"/>
      </object_component>
      <object_component id="oc-d3">
         <name>GpioCtrlRegsFile</name>
         <uninitialized>true</uninitialized>
         <run_address>0x6f80</run_address>
         <size>0x2e</size>
         <input_file_ref idref="fl-15"/>
      </object_component>
      <object_component id="oc-c6">
         <name>GpioDataRegsFile</name>
         <uninitialized>true</uninitialized>
         <run_address>0x6fc0</run_address>
         <size>0x20</size>
         <input_file_ref idref="fl-15"/>
      </object_component>
      <object_component id="oc-b7">
         <name>GpioIntRegsFile</name>
         <uninitialized>true</uninitialized>
         <run_address>0x6fe0</run_address>
         <size>0xa</size>
         <input_file_ref idref="fl-15"/>
      </object_component>
      <object_component id="oc-c7">
         <name>SysCtrlRegsFile</name>
         <uninitialized>true</uninitialized>
         <run_address>0x7010</run_address>
         <size>0x20</size>
         <input_file_ref idref="fl-15"/>
      </object_component>
      <object_component id="oc-ba">
         <name>SpiaRegsFile</name>
         <uninitialized>true</uninitialized>
         <run_address>0x7040</run_address>
         <size>0x10</size>
         <input_file_ref idref="fl-15"/>
      </object_component>
      <object_component id="oc-bb">
         <name>SciaRegsFile</name>
         <uninitialized>true</uninitialized>
         <run_address>0x7050</run_address>
         <size>0x10</size>
         <input_file_ref idref="fl-15"/>
      </object_component>
      <object_component id="oc-bc">
         <name>XIntruptRegsFile</name>
         <uninitialized>true</uninitialized>
         <run_address>0x7070</run_address>
         <size>0x10</size>
         <input_file_ref idref="fl-15"/>
      </object_component>
      <object_component id="oc-c0">
         <name>AdcRegsFile</name>
         <uninitialized>true</uninitialized>
         <run_address>0x7100</run_address>
         <size>0x1e</size>
         <input_file_ref idref="fl-15"/>
      </object_component>
      <object_component id="oc-b9">
         <name>ScibRegsFile</name>
         <uninitialized>true</uninitialized>
         <run_address>0x7750</run_address>
         <size>0x10</size>
         <input_file_ref idref="fl-15"/>
      </object_component>
      <object_component id="oc-b8">
         <name>ScicRegsFile</name>
         <uninitialized>true</uninitialized>
         <run_address>0x7770</run_address>
         <size>0x10</size>
         <input_file_ref idref="fl-15"/>
      </object_component>
      <object_component id="oc-ca">
         <name>I2caRegsFile</name>
         <uninitialized>true</uninitialized>
         <run_address>0x7900</run_address>
         <size>0x22</size>
         <input_file_ref idref="fl-15"/>
      </object_component>
      <object_component id="oc-b6">
         <name>CsmPwlFile</name>
         <uninitialized>true</uninitialized>
         <run_address>0x33fff8</run_address>
         <size>0x8</size>
         <input_file_ref idref="fl-15"/>
      </object_component>
      <object_component id="oc-48">
         <name>.debug_info</name>
         <load_address>0x0</load_address>
         <run_address>0x0</run_address>
         <size>0x169a</size>
         <input_file_ref idref="fl-2"/>
      </object_component>
      <object_component id="oc-4f">
         <name>.debug_info</name>
         <load_address>0x169a</load_address>
         <run_address>0x169a</run_address>
         <size>0x9c4</size>
         <input_file_ref idref="fl-3"/>
      </object_component>
      <object_component id="oc-53">
         <name>.debug_info</name>
         <load_address>0x205e</load_address>
         <run_address>0x205e</run_address>
         <size>0x7e4</size>
         <input_file_ref idref="fl-4"/>
      </object_component>
      <object_component id="oc-57">
         <name>.debug_info</name>
         <load_address>0x2842</load_address>
         <run_address>0x2842</run_address>
         <size>0x6d8</size>
         <input_file_ref idref="fl-5"/>
      </object_component>
      <object_component id="oc-5d">
         <name>.debug_info</name>
         <load_address>0x2f1a</load_address>
         <run_address>0x2f1a</run_address>
         <size>0x845</size>
         <input_file_ref idref="fl-6"/>
      </object_component>
      <object_component id="oc-63">
         <name>.debug_info</name>
         <load_address>0x375f</load_address>
         <run_address>0x375f</run_address>
         <size>0x1133</size>
         <input_file_ref idref="fl-7"/>
      </object_component>
      <object_component id="oc-6a">
         <name>.debug_info</name>
         <load_address>0x4892</load_address>
         <run_address>0x4892</run_address>
         <size>0x10f8</size>
         <input_file_ref idref="fl-8"/>
      </object_component>
      <object_component id="oc-70">
         <name>.debug_info</name>
         <load_address>0x598a</load_address>
         <run_address>0x598a</run_address>
         <size>0x3d3</size>
         <input_file_ref idref="fl-9"/>
      </object_component>
      <object_component id="oc-73">
         <name>.debug_info</name>
         <load_address>0x5d5d</load_address>
         <run_address>0x5d5d</run_address>
         <size>0x4311</size>
         <input_file_ref idref="fl-a"/>
      </object_component>
      <object_component id="oc-7b">
         <name>.debug_info</name>
         <load_address>0xa06e</load_address>
         <run_address>0xa06e</run_address>
         <size>0x10de</size>
         <input_file_ref idref="fl-b"/>
      </object_component>
      <object_component id="oc-81">
         <name>.debug_info</name>
         <load_address>0xb14c</load_address>
         <run_address>0xb14c</run_address>
         <size>0x5261</size>
         <input_file_ref idref="fl-c"/>
      </object_component>
      <object_component id="oc-87">
         <name>.debug_info</name>
         <load_address>0x103ad</load_address>
         <run_address>0x103ad</run_address>
         <size>0x15db</size>
         <input_file_ref idref="fl-d"/>
      </object_component>
      <object_component id="oc-8e">
         <name>.debug_info</name>
         <load_address>0x11988</load_address>
         <run_address>0x11988</run_address>
         <size>0xa8a6</size>
         <input_file_ref idref="fl-e"/>
      </object_component>
      <object_component id="oc-99">
         <name>.debug_info</name>
         <load_address>0x1c22e</load_address>
         <run_address>0x1c22e</run_address>
         <size>0xed</size>
         <input_file_ref idref="fl-f"/>
      </object_component>
      <object_component id="oc-9c">
         <name>.debug_info</name>
         <load_address>0x1c31b</load_address>
         <run_address>0x1c31b</run_address>
         <size>0x207f</size>
         <input_file_ref idref="fl-10"/>
      </object_component>
      <object_component id="oc-a0">
         <name>.debug_info</name>
         <load_address>0x1e39a</load_address>
         <run_address>0x1e39a</run_address>
         <size>0x1f09</size>
         <input_file_ref idref="fl-11"/>
      </object_component>
      <object_component id="oc-a4">
         <name>.debug_info</name>
         <load_address>0x202a3</load_address>
         <run_address>0x202a3</run_address>
         <size>0x2299</size>
         <input_file_ref idref="fl-12"/>
      </object_component>
      <object_component id="oc-a9">
         <name>.debug_info</name>
         <load_address>0x2253c</load_address>
         <run_address>0x2253c</run_address>
         <size>0xb2f</size>
         <input_file_ref idref="fl-13"/>
      </object_component>
      <object_component id="oc-ad">
         <name>.debug_info</name>
         <load_address>0x2306b</load_address>
         <run_address>0x2306b</run_address>
         <size>0x23ed</size>
         <input_file_ref idref="fl-14"/>
      </object_component>
      <object_component id="oc-b1">
         <name>.debug_info</name>
         <load_address>0x25458</load_address>
         <run_address>0x25458</run_address>
         <size>0x12d97</size>
         <input_file_ref idref="fl-15"/>
      </object_component>
      <object_component id="oc-e4">
         <name>.debug_info</name>
         <load_address>0x381ef</load_address>
         <run_address>0x381ef</run_address>
         <size>0x22ee</size>
         <input_file_ref idref="fl-16"/>
      </object_component>
      <object_component id="oc-e9">
         <name>.debug_info</name>
         <load_address>0x3a4dd</load_address>
         <run_address>0x3a4dd</run_address>
         <size>0x97b</size>
         <input_file_ref idref="fl-17"/>
      </object_component>
      <object_component id="oc-f0">
         <name>.debug_info</name>
         <load_address>0x3ae58</load_address>
         <run_address>0x3ae58</run_address>
         <size>0x12e</size>
         <input_file_ref idref="fl-18"/>
      </object_component>
      <object_component id="oc-f4">
         <name>.debug_info</name>
         <load_address>0x3af86</load_address>
         <run_address>0x3af86</run_address>
         <size>0xed</size>
         <input_file_ref idref="fl-19"/>
      </object_component>
      <object_component id="oc-f7">
         <name>.debug_info</name>
         <load_address>0x3b073</load_address>
         <run_address>0x3b073</run_address>
         <size>0x44d</size>
         <input_file_ref idref="fl-1e"/>
      </object_component>
      <object_component id="oc-fb">
         <name>.debug_info</name>
         <load_address>0x3b4c0</load_address>
         <run_address>0x3b4c0</run_address>
         <size>0x4f5</size>
         <input_file_ref idref="fl-1f"/>
      </object_component>
      <object_component id="oc-ff">
         <name>.debug_info</name>
         <load_address>0x3b9b5</load_address>
         <run_address>0x3b9b5</run_address>
         <size>0x3e4</size>
         <input_file_ref idref="fl-20"/>
      </object_component>
      <object_component id="oc-103">
         <name>.debug_info</name>
         <load_address>0x3bd99</load_address>
         <run_address>0x3bd99</run_address>
         <size>0x401</size>
         <input_file_ref idref="fl-21"/>
      </object_component>
      <object_component id="oc-109">
         <name>.debug_info</name>
         <load_address>0x3c19a</load_address>
         <run_address>0x3c19a</run_address>
         <size>0xde</size>
         <input_file_ref idref="fl-22"/>
      </object_component>
      <object_component id="oc-10c">
         <name>.debug_info</name>
         <load_address>0x3c278</load_address>
         <run_address>0x3c278</run_address>
         <size>0x3c6</size>
         <input_file_ref idref="fl-23"/>
      </object_component>
      <object_component id="oc-110">
         <name>.debug_info</name>
         <load_address>0x3c63e</load_address>
         <run_address>0x3c63e</run_address>
         <size>0x372</size>
         <input_file_ref idref="fl-24"/>
      </object_component>
      <object_component id="oc-112">
         <name>.debug_info</name>
         <load_address>0x3c9b0</load_address>
         <run_address>0x3c9b0</run_address>
         <size>0x355</size>
         <input_file_ref idref="fl-25"/>
      </object_component>
      <object_component id="oc-116">
         <name>.debug_info</name>
         <load_address>0x3cd05</load_address>
         <run_address>0x3cd05</run_address>
         <size>0x488</size>
         <input_file_ref idref="fl-26"/>
      </object_component>
      <object_component id="oc-11d">
         <name>.debug_info</name>
         <load_address>0x3d18d</load_address>
         <run_address>0x3d18d</run_address>
         <size>0xc0</size>
         <input_file_ref idref="fl-27"/>
      </object_component>
      <object_component id="oc-121">
         <name>.debug_info</name>
         <load_address>0x3d24d</load_address>
         <run_address>0x3d24d</run_address>
         <size>0xc0</size>
         <input_file_ref idref="fl-28"/>
      </object_component>
      <object_component id="oc-125">
         <name>.debug_info</name>
         <load_address>0x3d30d</load_address>
         <run_address>0x3d30d</run_address>
         <size>0xc0</size>
         <input_file_ref idref="fl-29"/>
      </object_component>
      <object_component id="oc-129">
         <name>.debug_info</name>
         <load_address>0x3d3cd</load_address>
         <run_address>0x3d3cd</run_address>
         <size>0xce</size>
         <input_file_ref idref="fl-2a"/>
      </object_component>
      <object_component id="oc-12d">
         <name>.debug_info</name>
         <load_address>0x3d49b</load_address>
         <run_address>0x3d49b</run_address>
         <size>0xc6</size>
         <input_file_ref idref="fl-2b"/>
      </object_component>
      <object_component id="oc-131">
         <name>.debug_info</name>
         <load_address>0x3d561</load_address>
         <run_address>0x3d561</run_address>
         <size>0xc0</size>
         <input_file_ref idref="fl-2c"/>
      </object_component>
      <object_component id="oc-134">
         <name>.debug_info</name>
         <load_address>0x3d621</load_address>
         <run_address>0x3d621</run_address>
         <size>0x3d2</size>
         <input_file_ref idref="fl-2d"/>
      </object_component>
      <object_component id="oc-139">
         <name>.debug_info</name>
         <load_address>0x3d9f3</load_address>
         <run_address>0x3d9f3</run_address>
         <size>0xc0</size>
         <input_file_ref idref="fl-2e"/>
      </object_component>
      <object_component id="oc-13d">
         <name>.debug_info</name>
         <load_address>0x3dab3</load_address>
         <run_address>0x3dab3</run_address>
         <size>0xc6</size>
         <input_file_ref idref="fl-2f"/>
      </object_component>
      <object_component id="oc-141">
         <name>.debug_info</name>
         <load_address>0x3db79</load_address>
         <run_address>0x3db79</run_address>
         <size>0xeb</size>
         <input_file_ref idref="fl-30"/>
      </object_component>
      <object_component id="oc-145">
         <name>.debug_info</name>
         <load_address>0x3dc64</load_address>
         <run_address>0x3dc64</run_address>
         <size>0xc0</size>
         <input_file_ref idref="fl-31"/>
      </object_component>
      <object_component id="oc-149">
         <name>.debug_info</name>
         <load_address>0x3dd24</load_address>
         <run_address>0x3dd24</run_address>
         <size>0xc0</size>
         <input_file_ref idref="fl-32"/>
      </object_component>
      <object_component id="oc-14c">
         <name>.debug_info</name>
         <load_address>0x3dde4</load_address>
         <run_address>0x3dde4</run_address>
         <size>0x455</size>
         <input_file_ref idref="fl-33"/>
      </object_component>
      <object_component id="oc-150">
         <name>.debug_info</name>
         <load_address>0x3e239</load_address>
         <run_address>0x3e239</run_address>
         <size>0x3d8</size>
         <input_file_ref idref="fl-34"/>
      </object_component>
      <object_component id="oc-154">
         <name>.debug_info</name>
         <load_address>0x3e611</load_address>
         <run_address>0x3e611</run_address>
         <size>0x3e0</size>
         <input_file_ref idref="fl-35"/>
      </object_component>
      <object_component id="oc-158">
         <name>.debug_info</name>
         <load_address>0x3e9f1</load_address>
         <run_address>0x3e9f1</run_address>
         <size>0x42f</size>
         <input_file_ref idref="fl-36"/>
      </object_component>
      <object_component id="oc-15c">
         <name>.debug_info</name>
         <load_address>0x3ee20</load_address>
         <run_address>0x3ee20</run_address>
         <size>0x5ba</size>
         <input_file_ref idref="fl-37"/>
      </object_component>
      <object_component id="oc-160">
         <name>.debug_info</name>
         <load_address>0x3f3da</load_address>
         <run_address>0x3f3da</run_address>
         <size>0x3d2</size>
         <input_file_ref idref="fl-38"/>
      </object_component>
      <object_component id="oc-164">
         <name>.debug_info</name>
         <load_address>0x3f7ac</load_address>
         <run_address>0x3f7ac</run_address>
         <size>0x4ae</size>
         <input_file_ref idref="fl-39"/>
      </object_component>
      <object_component id="oc-16a">
         <name>.debug_info</name>
         <load_address>0x3fc5a</load_address>
         <run_address>0x3fc5a</run_address>
         <size>0x46f</size>
         <input_file_ref idref="fl-3a"/>
      </object_component>
      <object_component id="oc-1ed">
         <name>.debug_info</name>
         <load_address>0x400c9</load_address>
         <run_address>0x400c9</run_address>
         <size>0x6f</size>
      </object_component>
      <object_component id="oc-4c">
         <name>.debug_frame</name>
         <load_address>0x0</load_address>
         <run_address>0x0</run_address>
         <size>0x184</size>
         <input_file_ref idref="fl-2"/>
      </object_component>
      <object_component id="oc-50">
         <name>.debug_frame</name>
         <load_address>0x184</load_address>
         <run_address>0x184</run_address>
         <size>0x19e</size>
         <input_file_ref idref="fl-3"/>
      </object_component>
      <object_component id="oc-54">
         <name>.debug_frame</name>
         <load_address>0x322</load_address>
         <run_address>0x322</run_address>
         <size>0x19c</size>
         <input_file_ref idref="fl-4"/>
      </object_component>
      <object_component id="oc-5a">
         <name>.debug_frame</name>
         <load_address>0x4be</load_address>
         <run_address>0x4be</run_address>
         <size>0xe9</size>
         <input_file_ref idref="fl-5"/>
      </object_component>
      <object_component id="oc-60">
         <name>.debug_frame</name>
         <load_address>0x5a7</load_address>
         <run_address>0x5a7</run_address>
         <size>0x8e</size>
         <input_file_ref idref="fl-6"/>
      </object_component>
      <object_component id="oc-67">
         <name>.debug_frame</name>
         <load_address>0x635</load_address>
         <run_address>0x635</run_address>
         <size>0x1a9</size>
         <input_file_ref idref="fl-7"/>
      </object_component>
      <object_component id="oc-6d">
         <name>.debug_frame</name>
         <load_address>0x7de</load_address>
         <run_address>0x7de</run_address>
         <size>0x1b2</size>
         <input_file_ref idref="fl-8"/>
      </object_component>
      <object_component id="oc-78">
         <name>.debug_frame</name>
         <load_address>0x990</load_address>
         <run_address>0x990</run_address>
         <size>0x157</size>
         <input_file_ref idref="fl-a"/>
      </object_component>
      <object_component id="oc-7e">
         <name>.debug_frame</name>
         <load_address>0xae7</load_address>
         <run_address>0xae7</run_address>
         <size>0x8e</size>
         <input_file_ref idref="fl-b"/>
      </object_component>
      <object_component id="oc-84">
         <name>.debug_frame</name>
         <load_address>0xb75</load_address>
         <run_address>0xb75</run_address>
         <size>0x398</size>
         <input_file_ref idref="fl-c"/>
      </object_component>
      <object_component id="oc-8b">
         <name>.debug_frame</name>
         <load_address>0xf0d</load_address>
         <run_address>0xf0d</run_address>
         <size>0x123</size>
         <input_file_ref idref="fl-d"/>
      </object_component>
      <object_component id="oc-95">
         <name>.debug_frame</name>
         <load_address>0x1030</load_address>
         <run_address>0x1030</run_address>
         <size>0xe6a</size>
         <input_file_ref idref="fl-e"/>
      </object_component>
      <object_component id="oc-9d">
         <name>.debug_frame</name>
         <load_address>0x1e9a</load_address>
         <run_address>0x1e9a</run_address>
         <size>0x8e</size>
         <input_file_ref idref="fl-10"/>
      </object_component>
      <object_component id="oc-a1">
         <name>.debug_frame</name>
         <load_address>0x1f28</load_address>
         <run_address>0x1f28</run_address>
         <size>0x144</size>
         <input_file_ref idref="fl-11"/>
      </object_component>
      <object_component id="oc-a6">
         <name>.debug_frame</name>
         <load_address>0x206c</load_address>
         <run_address>0x206c</run_address>
         <size>0xac</size>
         <input_file_ref idref="fl-12"/>
      </object_component>
      <object_component id="oc-aa">
         <name>.debug_frame</name>
         <load_address>0x2118</load_address>
         <run_address>0x2118</run_address>
         <size>0xbe</size>
         <input_file_ref idref="fl-13"/>
      </object_component>
      <object_component id="oc-ae">
         <name>.debug_frame</name>
         <load_address>0x21d6</load_address>
         <run_address>0x21d6</run_address>
         <size>0x8e</size>
         <input_file_ref idref="fl-14"/>
      </object_component>
      <object_component id="oc-e6">
         <name>.debug_frame</name>
         <load_address>0x2264</load_address>
         <run_address>0x2264</run_address>
         <size>0xd1a</size>
         <input_file_ref idref="fl-16"/>
      </object_component>
      <object_component id="oc-eb">
         <name>.debug_frame</name>
         <load_address>0x2f7e</load_address>
         <run_address>0x2f7e</run_address>
         <size>0xc5</size>
         <input_file_ref idref="fl-17"/>
      </object_component>
      <object_component id="oc-f8">
         <name>.debug_frame</name>
         <load_address>0x3043</load_address>
         <run_address>0x3043</run_address>
         <size>0xc8</size>
         <input_file_ref idref="fl-1e"/>
      </object_component>
      <object_component id="oc-fc">
         <name>.debug_frame</name>
         <load_address>0x310b</load_address>
         <run_address>0x310b</run_address>
         <size>0xc8</size>
         <input_file_ref idref="fl-1f"/>
      </object_component>
      <object_component id="oc-100">
         <name>.debug_frame</name>
         <load_address>0x31d3</load_address>
         <run_address>0x31d3</run_address>
         <size>0xa6</size>
         <input_file_ref idref="fl-20"/>
      </object_component>
      <object_component id="oc-104">
         <name>.debug_frame</name>
         <load_address>0x3279</load_address>
         <run_address>0x3279</run_address>
         <size>0xa6</size>
         <input_file_ref idref="fl-21"/>
      </object_component>
      <object_component id="oc-10d">
         <name>.debug_frame</name>
         <load_address>0x331f</load_address>
         <run_address>0x331f</run_address>
         <size>0xad</size>
         <input_file_ref idref="fl-23"/>
      </object_component>
      <object_component id="oc-119">
         <name>.debug_frame</name>
         <load_address>0x33cc</load_address>
         <run_address>0x33cc</run_address>
         <size>0xc7</size>
         <input_file_ref idref="fl-26"/>
      </object_component>
      <object_component id="oc-135">
         <name>.debug_frame</name>
         <load_address>0x3493</load_address>
         <run_address>0x3493</run_address>
         <size>0xac</size>
         <input_file_ref idref="fl-2d"/>
      </object_component>
      <object_component id="oc-14d">
         <name>.debug_frame</name>
         <load_address>0x353f</load_address>
         <run_address>0x353f</run_address>
         <size>0xa6</size>
         <input_file_ref idref="fl-33"/>
      </object_component>
      <object_component id="oc-151">
         <name>.debug_frame</name>
         <load_address>0x35e5</load_address>
         <run_address>0x35e5</run_address>
         <size>0xad</size>
         <input_file_ref idref="fl-34"/>
      </object_component>
      <object_component id="oc-155">
         <name>.debug_frame</name>
         <load_address>0x3692</load_address>
         <run_address>0x3692</run_address>
         <size>0xac</size>
         <input_file_ref idref="fl-35"/>
      </object_component>
      <object_component id="oc-159">
         <name>.debug_frame</name>
         <load_address>0x373e</load_address>
         <run_address>0x373e</run_address>
         <size>0xa6</size>
         <input_file_ref idref="fl-36"/>
      </object_component>
      <object_component id="oc-15d">
         <name>.debug_frame</name>
         <load_address>0x37e4</load_address>
         <run_address>0x37e4</run_address>
         <size>0xc9</size>
         <input_file_ref idref="fl-37"/>
      </object_component>
      <object_component id="oc-161">
         <name>.debug_frame</name>
         <load_address>0x38ad</load_address>
         <run_address>0x38ad</run_address>
         <size>0xad</size>
         <input_file_ref idref="fl-38"/>
      </object_component>
      <object_component id="oc-167">
         <name>.debug_frame</name>
         <load_address>0x395a</load_address>
         <run_address>0x395a</run_address>
         <size>0xd6</size>
         <input_file_ref idref="fl-39"/>
      </object_component>
      <object_component id="oc-16b">
         <name>.debug_frame</name>
         <load_address>0x3a30</load_address>
         <run_address>0x3a30</run_address>
         <size>0xa6</size>
         <input_file_ref idref="fl-3a"/>
      </object_component>
      <object_component id="oc-4d">
         <name>.debug_line</name>
         <load_address>0x0</load_address>
         <run_address>0x0</run_address>
         <size>0x2f0</size>
         <input_file_ref idref="fl-2"/>
      </object_component>
      <object_component id="oc-51">
         <name>.debug_line</name>
         <load_address>0x2f0</load_address>
         <run_address>0x2f0</run_address>
         <size>0x152</size>
         <input_file_ref idref="fl-3"/>
      </object_component>
      <object_component id="oc-55">
         <name>.debug_line</name>
         <load_address>0x442</load_address>
         <run_address>0x442</run_address>
         <size>0x11b</size>
         <input_file_ref idref="fl-4"/>
      </object_component>
      <object_component id="oc-5b">
         <name>.debug_line</name>
         <load_address>0x55d</load_address>
         <run_address>0x55d</run_address>
         <size>0xa1</size>
         <input_file_ref idref="fl-5"/>
      </object_component>
      <object_component id="oc-61">
         <name>.debug_line</name>
         <load_address>0x5fe</load_address>
         <run_address>0x5fe</run_address>
         <size>0x30</size>
         <input_file_ref idref="fl-6"/>
      </object_component>
      <object_component id="oc-68">
         <name>.debug_line</name>
         <load_address>0x62e</load_address>
         <run_address>0x62e</run_address>
         <size>0x1c3</size>
         <input_file_ref idref="fl-7"/>
      </object_component>
      <object_component id="oc-6e">
         <name>.debug_line</name>
         <load_address>0x7f1</load_address>
         <run_address>0x7f1</run_address>
         <size>0x19d</size>
         <input_file_ref idref="fl-8"/>
      </object_component>
      <object_component id="oc-79">
         <name>.debug_line</name>
         <load_address>0x98e</load_address>
         <run_address>0x98e</run_address>
         <size>0x38d</size>
         <input_file_ref idref="fl-a"/>
      </object_component>
      <object_component id="oc-7f">
         <name>.debug_line</name>
         <load_address>0xd1b</load_address>
         <run_address>0xd1b</run_address>
         <size>0x32</size>
         <input_file_ref idref="fl-b"/>
      </object_component>
      <object_component id="oc-85">
         <name>.debug_line</name>
         <load_address>0xd4d</load_address>
         <run_address>0xd4d</run_address>
         <size>0x59a</size>
         <input_file_ref idref="fl-c"/>
      </object_component>
      <object_component id="oc-8c">
         <name>.debug_line</name>
         <load_address>0x12e7</load_address>
         <run_address>0x12e7</run_address>
         <size>0x18b</size>
         <input_file_ref idref="fl-d"/>
      </object_component>
      <object_component id="oc-96">
         <name>.debug_line</name>
         <load_address>0x1472</load_address>
         <run_address>0x1472</run_address>
         <size>0x164d</size>
         <input_file_ref idref="fl-e"/>
      </object_component>
      <object_component id="oc-9a">
         <name>.debug_line</name>
         <load_address>0x2abf</load_address>
         <run_address>0x2abf</run_address>
         <size>0x49</size>
         <input_file_ref idref="fl-f"/>
      </object_component>
      <object_component id="oc-9e">
         <name>.debug_line</name>
         <load_address>0x2b08</load_address>
         <run_address>0x2b08</run_address>
         <size>0x35</size>
         <input_file_ref idref="fl-10"/>
      </object_component>
      <object_component id="oc-a2">
         <name>.debug_line</name>
         <load_address>0x2b3d</load_address>
         <run_address>0x2b3d</run_address>
         <size>0x166</size>
         <input_file_ref idref="fl-11"/>
      </object_component>
      <object_component id="oc-a7">
         <name>.debug_line</name>
         <load_address>0x2ca3</load_address>
         <run_address>0x2ca3</run_address>
         <size>0x69</size>
         <input_file_ref idref="fl-12"/>
      </object_component>
      <object_component id="oc-ab">
         <name>.debug_line</name>
         <load_address>0x2d0c</load_address>
         <run_address>0x2d0c</run_address>
         <size>0x87</size>
         <input_file_ref idref="fl-13"/>
      </object_component>
      <object_component id="oc-af">
         <name>.debug_line</name>
         <load_address>0x2d93</load_address>
         <run_address>0x2d93</run_address>
         <size>0x33</size>
         <input_file_ref idref="fl-14"/>
      </object_component>
      <object_component id="oc-e7">
         <name>.debug_line</name>
         <load_address>0x2dc6</load_address>
         <run_address>0x2dc6</run_address>
         <size>0x763</size>
         <input_file_ref idref="fl-16"/>
      </object_component>
      <object_component id="oc-ec">
         <name>.debug_line</name>
         <load_address>0x3529</load_address>
         <run_address>0x3529</run_address>
         <size>0x89</size>
         <input_file_ref idref="fl-17"/>
      </object_component>
      <object_component id="oc-f1">
         <name>.debug_line</name>
         <load_address>0x35b2</load_address>
         <run_address>0x35b2</run_address>
         <size>0x62</size>
         <input_file_ref idref="fl-18"/>
      </object_component>
      <object_component id="oc-f5">
         <name>.debug_line</name>
         <load_address>0x3614</load_address>
         <run_address>0x3614</run_address>
         <size>0x4a</size>
[...]
         <name>_DATALOG_ISR</name>
         <value>0xc5c3</value>
         <object_component_ref idref="oc-e5"/>
      </symbol>
      <symbol id="sm-6b7">
         <name>_SPITXINTA_ISR</name>
         <value>0xc785</value>
         <object_component_ref idref="oc-e5"/>
      </symbol>
      <symbol id="sm-6b8">
         <name>_SPIRXINTA_ISR</name>
         <value>0xc77b</value>
         <object_component_ref idref="oc-e5"/>
      </symbol>
      <symbol id="sm-6b9">
         <name>_DINTCH3_ISR</name>
         <value>0xc7cb</value>
         <object_component_ref idref="oc-e5"/>
      </symbol>
      <symbol id="sm-6ba">
         <name>_XINT4_ISR</name>
         <value>0xc875</value>
         <object_component_ref idref="oc-e5"/>
      </symbol>
      <symbol id="sm-6bb">
         <name>_SEQ1INT_ISR</name>
         <value>0xc66d</value>
         <object_component_ref idref="oc-e5"/>
      </symbol>
      <symbol id="sm-6bc">
         <name>_ECAP3_INT_ISR</name>
         <value>0xc73f</value>
         <object_component_ref idref="oc-e5"/>
      </symbol>
      <symbol id="sm-6bd">
         <name>_INT13_ISR</name>
         <value>0xc5af</value>
         <object_component_ref idref="oc-e5"/>
      </symbol>
      <symbol id="sm-6be">
         <name>_MXINTA_ISR</name>
         <value>0xc7ad</value>
         <object_component_ref idref="oc-e5"/>
      </symbol>
      <symbol id="sm-6bf">
         <name>_EPWM4_INT_ISR</name>
         <value>0xc70d</value>
         <object_component_ref idref="oc-e5"/>
      </symbol>
      <symbol id="sm-6c0">
         <name>_USER5_ISR</name>
         <value>0xc61d</value>
         <object_component_ref idref="oc-e5"/>
      </symbol>
      <symbol id="sm-6c1">
         <name>_XINT7_ISR</name>
         <value>0xc893</value>
         <object_component_ref idref="oc-e5"/>
      </symbol>
      <symbol id="sm-6c2">
         <name>_EMPTY_ISR</name>
         <value>0xc8b1</value>
         <object_component_ref idref="oc-e5"/>
      </symbol>
      <symbol id="sm-6c3">
         <name>_EPWM5_TZINT_ISR</name>
         <value>0xc6db</value>
         <object_component_ref idref="oc-e5"/>
      </symbol>
      <symbol id="sm-6c4">
         <name>_EPWM4_TZINT_ISR</name>
         <value>0xc6d1</value>
         <object_component_ref idref="oc-e5"/>
      </symbol>
      <symbol id="sm-6c5">
         <name>_ECAN0INTA_ISR</name>
         <value>0xc843</value>
         <object_component_ref idref="oc-e5"/>
      </symbol>
      <symbol id="sm-6c6">
         <name>_EPWM6_TZINT_ISR</name>
         <value>0xc6e5</value>
         <object_component_ref idref="oc-e5"/>
      </symbol>
      <symbol id="sm-6c7">
         <name>_EMUINT_ISR</name>
         <value>0xc5d7</value>
         <object_component_ref idref="oc-e5"/>
      </symbol>
      <symbol id="sm-6c8">
         <name>_ECAP1_INT_ISR</name>
         <value>0xc72b</value>
         <object_component_ref idref="oc-e5"/>
      </symbol>
      <symbol id="sm-6c9">
         <name>_EPWM1_TZINT_ISR</name>
         <value>0xc6b3</value>
         <object_component_ref idref="oc-e5"/>
      </symbol>
      <symbol id="sm-6ca">
         <name>_EQEP2_INT_ISR</name>
         <value>0xc771</value>
         <object_component_ref idref="oc-e5"/>
      </symbol>
      <symbol id="sm-6cb">
         <name>_USER11_ISR</name>
         <value>0xc659</value>
         <object_component_ref idref="oc-e5"/>
      </symbol>
      <symbol id="sm-6cc">
         <name>_EPWM3_TZINT_ISR</name>
         <value>0xc6c7</value>
         <object_component_ref idref="oc-e5"/>
      </symbol>
      <symbol id="sm-6cd">
         <name>_USER4_ISR</name>
         <value>0xc613</value>
         <object_component_ref idref="oc-e5"/>
      </symbol>
      <symbol id="sm-6ce">
         <name>_EPWM2_TZINT_ISR</name>
         <value>0xc6bd</value>
         <object_component_ref idref="oc-e5"/>
      </symbol>
      <symbol id="sm-6cf">
         <name>_XINT6_ISR</name>
         <value>0xc889</value>
         <object_component_ref idref="oc-e5"/>
      </symbol>
      <symbol id="sm-6d0">
         <name>_EPWM2_INT_ISR</name>
         <value>0xc6f9</value>
         <object_component_ref idref="oc-e5"/>
      </symbol>
      <symbol id="sm-6d1">
         <name>_ECAN0INTB_ISR</name>
         <value>0xc857</value>
         <object_component_ref idref="oc-e5"/>
      </symbol>
      <symbol id="sm-6d2">
         <name>_TINT0_ISR</name>
         <value>0xc69f</value>
         <object_component_ref idref="oc-e5"/>
      </symbol>
      <symbol id="sm-6d3">
         <name>_WAKEINT_ISR</name>
         <value>0xc6a9</value>
         <object_component_ref idref="oc-e5"/>
      </symbol>
      <symbol id="sm-6d4">
         <name>_DINTCH4_ISR</name>
         <value>0xc7d5</value>
         <object_component_ref idref="oc-e5"/>
      </symbol>
      <symbol id="sm-6d5">
         <name>_USER10_ISR</name>
         <value>0xc64f</value>
         <object_component_ref idref="oc-e5"/>
      </symbol>
      <symbol id="sm-6d6">
         <name>_USER7_ISR</name>
         <value>0xc631</value>
         <object_component_ref idref="oc-e5"/>
      </symbol>
      <symbol id="sm-6d7">
         <name>_XINT1_ISR</name>
         <value>0xc681</value>
         <object_component_ref idref="oc-e5"/>
      </symbol>
      <symbol id="sm-6d8">
         <name>_ECAP6_INT_ISR</name>
         <value>0xc75d</value>
         <object_component_ref idref="oc-e5"/>
      </symbol>
      <symbol id="sm-6d9">
         <name>_INT14_ISR</name>
         <value>0xc5b9</value>
         <object_component_ref idref="oc-e5"/>
      </symbol>
      <symbol id="sm-6da">
         <name>_MXINTB_ISR</name>
         <value>0xc799</value>
         <object_component_ref idref="oc-e5"/>
      </symbol>
      <symbol id="sm-6db">
         <name>_DINTCH5_ISR</name>
         <value>0xc7df</value>
         <object_component_ref idref="oc-e5"/>
      </symbol>
      <symbol id="sm-6dc">
         <name>_USER6_ISR</name>
         <value>0xc627</value>
         <object_component_ref idref="oc-e5"/>
      </symbol>
      <symbol id="sm-6dd">
         <name>_ECAP4_INT_ISR</name>
         <value>0xc749</value>
         <object_component_ref idref="oc-e5"/>
      </symbol>
      <symbol id="sm-6de">
         <name>_MRINTA_ISR</name>
         <value>0xc7a3</value>
         <object_component_ref idref="oc-e5"/>
      </symbol>
      <symbol id="sm-6df">
         <name>_DINTCH6_ISR</name>
         <value>0xc7e9</value>
         <object_component_ref idref="oc-e5"/>
      </symbol>
      <symbol id="sm-6e0">
         <name>_USER12_ISR</name>
         <value>0xc663</value>
         <object_component_ref idref="oc-e5"/>
      </symbol>
      <symbol id="sm-6e1">
         <name>_ADCINT_ISR</name>
         <value>0xc695</value>
         <object_component_ref idref="oc-e5"/>
      </symbol>
      <symbol id="sm-6e2">
         <name>_USER1_ISR</name>
         <value>0xc5f5</value>
         <object_component_ref idref="oc-e5"/>
      </symbol>
      <symbol id="sm-6e3">
         <name>_XINT3_ISR</name>
         <value>0xc86b</value>
         <object_component_ref idref="oc-e5"/>
      </symbol>
      <symbol id="sm-6e4">
         <name>_EPWM5_INT_ISR</name>
         <value>0xc717</value>
         <object_component_ref idref="oc-e5"/>
      </symbol>
      <symbol id="sm-6e5">
         <name>_NMI_ISR</name>
         <value>0xc5e1</value>
         <object_component_ref idref="oc-e5"/>
      </symbol>
      <symbol id="sm-6e6">
         <name>_SCITXINTB_ISR</name>
         <value>0xc839</value>
         <object_component_ref idref="oc-e5"/>
      </symbol>
      <symbol id="sm-6e7">
         <name>_SCIRXINTB_ISR</name>
         <value>0xc82f</value>
         <object_component_ref idref="oc-e5"/>
      </symbol>
      <symbol id="sm-6e8">
         <name>_ECAN1INTA_ISR</name>
         <value>0xc84d</value>
         <object_component_ref idref="oc-e5"/>
      </symbol>
      <symbol id="sm-6e9">
         <name>_ECAP2_INT_ISR</name>
         <value>0xc735</value>
         <object_component_ref idref="oc-e5"/>
      </symbol>
      <symbol id="sm-6ea">
         <name>_PIE_RESERVED</name>
         <value>0xc8be</value>
         <object_component_ref idref="oc-e5"/>
      </symbol>
      <symbol id="sm-6eb">
         <name>_I2CINT1A_ISR</name>
         <value>0xc7f3</value>
         <object_component_ref idref="oc-e5"/>
      </symbol>
      <symbol id="sm-6ec">
         <name>_XINT2_ISR</name>
         <value>0xc68b</value>
         <object_component_ref idref="oc-e5"/>
      </symbol>
      <symbol id="sm-6ed">
         <name>_I2CINT2A_ISR</name>
         <value>0xc7fd</value>
         <object_component_ref idref="oc-e5"/>
      </symbol>
      <symbol id="sm-6ee">
         <name>_SCITXINTC_ISR</name>
         <value>0xc811</value>
         <object_component_ref idref="oc-e5"/>
      </symbol>
      <symbol id="sm-6ef">
         <name>_SCIRXINTC_ISR</name>
         <value>0xc807</value>
         <object_component_ref idref="oc-e5"/>
      </symbol>
      <symbol id="sm-6f0">
         <name>_RTOSINT_ISR</name>
         <value>0xc5cd</value>
         <object_component_ref idref="oc-e5"/>
      </symbol>
      <symbol id="sm-6f1">
         <name>_EPWM3_INT_ISR</name>
         <value>0xc703</value>
         <object_component_ref idref="oc-e5"/>
      </symbol>
      <symbol id="sm-6f2">
         <name>_ECAN1INTB_ISR</name>
         <value>0xc861</value>
         <object_component_ref idref="oc-e5"/>
      </symbol>
      <symbol id="sm-6f3">
         <name>_USER9_ISR</name>
         <value>0xc645</value>
         <object_component_ref idref="oc-e5"/>
      </symbol>
      <symbol id="sm-6f4">
         <name>_USER3_ISR</name>
         <value>0xc609</value>
         <object_component_ref idref="oc-e5"/>
      </symbol>
      <symbol id="sm-6f5">
         <name>_EQEP1_INT_ISR</name>
         <value>0xc767</value>
         <object_component_ref idref="oc-e5"/>
      </symbol>
      <symbol id="sm-6f6">
         <name>_MRINTB_ISR</name>
         <value>0xc78f</value>
         <object_component_ref idref="oc-e5"/>
      </symbol>
      <symbol id="sm-6f7">
         <name>_DINTCH1_ISR</name>
         <value>0xc7b7</value>
         <object_component_ref idref="oc-e5"/>
      </symbol>
      <symbol id="sm-6f8">
         <name>_USER8_ISR</name>
         <value>0xc63b</value>
         <object_component_ref idref="oc-e5"/>
      </symbol>
      <symbol id="sm-6f9">
         <name>_EPWM1_INT_ISR</name>
         <value>0xc6ef</value>
         <object_component_ref idref="oc-e5"/>
      </symbol>
      <symbol id="sm-6fa">
         <name>_SEQ2INT_ISR</name>
         <value>0xc677</value>
         <object_component_ref idref="oc-e5"/>
      </symbol>
      <symbol id="sm-6fb">
         <name>_USER2_ISR</name>
         <value>0xc5ff</value>
         <object_component_ref idref="oc-e5"/>
      </symbol>
      <symbol id="sm-6fc">
         <name>_LUF_ISR</name>
         <value>0xc8a7</value>
         <object_component_ref idref="oc-e5"/>
      </symbol>
      <symbol id="sm-6fd">
         <name>_LVF_ISR</name>
         <value>0xc89d</value>
         <object_component_ref idref="oc-e5"/>
      </symbol>
      <symbol id="sm-6fe">
         <name>_SCITXINTA_ISR</name>
         <value>0xc825</value>
         <object_component_ref idref="oc-e5"/>
      </symbol>
      <symbol id="sm-6ff">
         <name>_SCIRXINTA_ISR</name>
         <value>0xc81b</value>
         <object_component_ref idref="oc-e5"/>
      </symbol>
      <symbol id="sm-700">
         <name>_rsvd_ISR</name>
         <value>0xc8c8</value>
         <object_component_ref idref="oc-e5"/>
      </symbol>
      <symbol id="sm-701">
         <name>_ECAP5_INT_ISR</name>
         <value>0xc753</value>
         <object_component_ref idref="oc-e5"/>
      </symbol>
      <symbol id="sm-702">
         <name>_DINTCH2_ISR</name>
         <value>0xc7c1</value>
         <object_component_ref idref="oc-e5"/>
      </symbol>
      <symbol id="sm-703">
         <name>_XINT5_ISR</name>
         <value>0xc87f</value>
         <object_component_ref idref="oc-e5"/>
      </symbol>
      <symbol id="sm-70f">
         <name>_CpuTimer2</name>
         <value>0xfa18</value>
         <object_component_ref idref="oc-ea"/>
      </symbol>
      <symbol id="sm-710">
         <name>_CpuTimer0</name>
         <value>0xfa20</value>
         <object_component_ref idref="oc-ea"/>
      </symbol>
      <symbol id="sm-711">
         <name>_CpuTimer1</name>
         <value>0xfa10</value>
         <object_component_ref idref="oc-ea"/>
      </symbol>
      <symbol id="sm-712">
         <name>_InitCpuTimers</name>
         <value>0xd38a</value>
         <object_component_ref idref="oc-194"/>
      </symbol>
      <symbol id="sm-713">
         <name>_ConfigCpuTimer</name>
         <value>0xd3cb</value>
         <object_component_ref idref="oc-194"/>
      </symbol>
      <symbol id="sm-71e">
         <name>code_start</name>
         <value>0x0</value>
         <object_component_ref idref="oc-ef"/>
      </symbol>
      <symbol id="sm-726">
         <name>_ADC_cal</name>
         <value>0x380080</value>
         <object_component_ref idref="oc-f3"/>
      </symbol>
      <symbol id="sm-737">
         <name>_atan</name>
         <value>0xd406</value>
         <object_component_ref idref="oc-17e"/>
      </symbol>
      <symbol id="sm-74e">
         <name>_atan2</name>
         <value>0xd002</value>
         <object_component_ref idref="oc-182"/>
      </symbol>
      <symbol id="sm-758">
         <name>_atof</name>
         <value>0xd7b5</value>
         <object_component_ref idref="oc-188"/>
      </symbol>
      <symbol id="sm-769">
         <name>_atoi</name>
         <value>0xd5d5</value>
         <object_component_ref idref="oc-189"/>
      </symbol>
      <symbol id="sm-77d">
         <name>_c_int00</name>
         <value>0xd58f</value>
         <object_component_ref idref="oc-47"/>
      </symbol>
      <symbol id="sm-77e">
         <name>__stack</name>
         <value>0x400</value>
         <object_component_ref idref="oc-107"/>
      </symbol>
      <symbol id="sm-78a">
         <name>_cos</name>
         <value>0xd475</value>
         <object_component_ref idref="oc-180"/>
      </symbol>
      <symbol id="sm-792">
         <name>__ctypes_</name>
         <value>0xfad8</value>
         <object_component_ref idref="oc-199"/>
      </symbol>
      <symbol id="sm-79c">
         <name>_errno</name>
         <value>0xfabe</value>
         <object_component_ref idref="oc-114"/>
      </symbol>
      <symbol id="sm-7ad">
         <name>C$$EXIT</name>
         <value>0xd749</value>
         <object_component_ref idref="oc-16f"/>
      </symbol>
      <symbol id="sm-7ae">
         <name>_exit</name>
         <value>0xd74b</value>
         <object_component_ref idref="oc-16f"/>
      </symbol>
      <symbol id="sm-7af">
         <name>___TI_cleanup_ptr</name>
         <value>0xfa3c</value>
         <object_component_ref idref="oc-118"/>
      </symbol>
      <symbol id="sm-7b0">
         <name>_abort</name>
         <value>0xd749</value>
         <object_component_ref idref="oc-16f"/>
      </symbol>
      <symbol id="sm-7b1">
         <name>___TI_dtors_ptr</name>
         <value>0xfa3e</value>
         <object_component_ref idref="oc-118"/>
      </symbol>
      <symbol id="sm-7c8">
         <name>FD$$ADD</name>
         <value>0xd0c6</value>
         <object_component_ref idref="oc-11c"/>
      </symbol>
      <symbol id="sm-7db">
         <name>FD$$DIV</name>
         <value>0xd1f4</value>
         <object_component_ref idref="oc-120"/>
      </symbol>
      <symbol id="sm-7e9">
         <name>FD$$MPY</name>
         <value>0xd307</value>
         <object_component_ref idref="oc-124"/>
      </symbol>
      <symbol id="sm-7f1">
         <name>FD$$SUB</name>
         <value>0xd78c</value>
         <object_component_ref idref="oc-128"/>
      </symbol>
      <symbol id="sm-7fd">
         <name>FD$$TOFS</name>
         <value>0xd62e</value>
         <object_component_ref idref="oc-12c"/>
      </symbol>
      <symbol id="sm-808">
         <name>FD$$TOL</name>
         <value>0xd6d8</value>
         <object_component_ref idref="oc-130"/>
      </symbol>
      <symbol id="sm-815">
         <name>_frexp</name>
         <value>0xd762</value>
         <object_component_ref idref="oc-196"/>
      </symbol>
      <symbol id="sm-822">
         <name>FS$$DIV</name>
         <value>0xd27f</value>
         <object_component_ref idref="oc-138"/>
      </symbol>
      <symbol id="sm-82e">
         <name>FS$$TOFD</name>
         <value>0xd714</value>
         <object_component_ref idref="oc-13c"/>
      </symbol>
      <symbol id="sm-838">
         <name>I$$MOD</name>
         <value>0xd686</value>
         <object_component_ref idref="oc-140"/>
      </symbol>
      <symbol id="sm-839">
         <name>I$$DIV</name>
         <value>0xd675</value>
         <object_component_ref idref="oc-140"/>
      </symbol>
      <symbol id="sm-845">
         <name>I$$TOFD</name>
         <value>0xd6f7</value>
         <object_component_ref idref="oc-144"/>
      </symbol>
      <symbol id="sm-84d">
         <name>LL$$MPY</name>
         <value>0xd778</value>
         <object_component_ref idref="oc-148"/>
      </symbol>
      <symbol id="sm-85c">
         <name>___memcpy_ff</name>
         <value>0xd697</value>
         <object_component_ref idref="oc-186"/>
      </symbol>
      <symbol id="sm-867">
         <name>_sin</name>
         <value>0xd537</value>
         <object_component_ref idref="oc-181"/>
      </symbol>
      <symbol id="sm-875">
         <name>_sqrt</name>
         <value>0xd652</value>
         <object_component_ref idref="oc-17f"/>
      </symbol>
      <symbol id="sm-881">
         <name>_strcmp</name>
         <value>0xd79a</value>
         <object_component_ref idref="oc-187"/>
      </symbol>
      <symbol id="sm-8b0">
         <name>_strtod</name>
         <value>0xcb15</value>
         <object_component_ref idref="oc-198"/>
      </symbol>
      <symbol id="sm-8bd">
         <name>_tan</name>
         <value>0xd4d6</value>
         <object_component_ref idref="oc-183"/>
      </symbol>
      <symbol id="sm-8cb">
         <name>__unlock</name>
         <value>0xf87a</value>
         <object_component_ref idref="oc-166"/>
      </symbol>
      <symbol id="sm-8cc">
         <name>__lock</name>
         <value>0xf87c</value>
         <object_component_ref idref="oc-166"/>
      </symbol>
      <symbol id="sm-8cd">
         <name>__register_lock</name>
         <value>0xd7a8</value>
         <object_component_ref idref="oc-177"/>
      </symbol>
      <symbol id="sm-8ce">
         <name>__nop</name>
         <value>0xd7ac</value>
         <object_component_ref idref="oc-177"/>
      </symbol>
      <symbol id="sm-8cf">
         <name>__register_unlock</name>
         <value>0xd7a4</value>
         <object_component_ref idref="oc-177"/>
      </symbol>
      <symbol id="sm-8db">
         <name>__args_main</name>
         <value>0xd730</value>
         <object_component_ref idref="oc-16e"/>
      </symbol>
      <symbol id="sm-8dc">
         <name>__TI_args_main</name>
         <value>0x1</value>
      </symbol>
   </symbol_table>
   <title>Link successful</title>
</link_info>
